Component: ARM Compiler 5.06 update 7 (build 960) Tool: armlink [4d3601]

==============================================================================

Section Cross References

    startup_stm32h723xx.o(STACK) refers (Special) to heapauxi.o(.text) for __use_two_region_memory
    startup_stm32h723xx.o(HEAP) refers (Special) to heapauxi.o(.text) for __use_two_region_memory
    startup_stm32h723xx.o(RESET) refers (Special) to heapauxi.o(.text) for __use_two_region_memory
    startup_stm32h723xx.o(RESET) refers to startup_stm32h723xx.o(STACK) for __initial_sp
    startup_stm32h723xx.o(RESET) refers to startup_stm32h723xx.o(.text) for Reset_Handler
    startup_stm32h723xx.o(RESET) refers to stm32h7xx_it.o(i.NMI_Handler) for NMI_Handler
    startup_stm32h723xx.o(RESET) refers to stm32h7xx_it.o(i.HardFault_Handler) for HardFault_Handler
    startup_stm32h723xx.o(RESET) refers to stm32h7xx_it.o(i.MemManage_Handler) for MemManage_Handler
    startup_stm32h723xx.o(RESET) refers to stm32h7xx_it.o(i.BusFault_Handler) for BusFault_Handler
    startup_stm32h723xx.o(RESET) refers to stm32h7xx_it.o(i.UsageFault_Handler) for UsageFault_Handler
    startup_stm32h723xx.o(RESET) refers to stm32h7xx_it.o(i.SVC_Handler) for SVC_Handler
    startup_stm32h723xx.o(RESET) refers to stm32h7xx_it.o(i.DebugMon_Handler) for DebugMon_Handler
    startup_stm32h723xx.o(RESET) refers to stm32h7xx_it.o(i.PendSV_Handler) for PendSV_Handler
    startup_stm32h723xx.o(RESET) refers to stm32h7xx_it.o(i.SysTick_Handler) for SysTick_Handler
    startup_stm32h723xx.o(RESET) refers to stm32h7xx_it.o(i.EXTI2_IRQHandler) for EXTI2_IRQHandler
    startup_stm32h723xx.o(RESET) refers to stm32h7xx_it.o(i.EXTI4_IRQHandler) for EXTI4_IRQHandler
    startup_stm32h723xx.o(RESET) refers to stm32h7xx_it.o(i.TIM1_UP_IRQHandler) for TIM1_UP_IRQHandler
    startup_stm32h723xx.o(RESET) refers to stm32h7xx_it.o(i.USART1_IRQHandler) for USART1_IRQHandler
    startup_stm32h723xx.o(.text) refers (Special) to heapauxi.o(.text) for __use_two_region_memory
    startup_stm32h723xx.o(.text) refers to system_stm32h7xx.o(i.SystemInit) for SystemInit
    startup_stm32h723xx.o(.text) refers to __main.o(!!!main) for __main
    startup_stm32h723xx.o(.text) refers to startup_stm32h723xx.o(HEAP) for Heap_Mem
    startup_stm32h723xx.o(.text) refers to startup_stm32h723xx.o(STACK) for Stack_Mem
    main.o(i.BeltDrive_StartUartReceive) refers to stm32h7xx_hal_uart.o(i.HAL_UART_Receive_IT) for HAL_UART_Receive_IT
    main.o(i.BeltDrive_StartUartReceive) refers to main.o(.data) for .data
    main.o(i.BeltDrive_StartUartReceive) refers to usart.o(.bss) for huart1
    main.o(i.FrictionMotor_InitStopped) refers to stm32h7xx_hal_gpio.o(i.HAL_GPIO_WritePin) for HAL_GPIO_WritePin
    main.o(i.FrictionMotor_InitStopped) refers to main.o(i.FrictionMotor_StopOutput) for FrictionMotor_StopOutput
    main.o(i.FrictionMotor_StopOutput) refers to stm32h7xx_hal_tim.o(i.HAL_TIM_PWM_Stop) for HAL_TIM_PWM_Stop
    main.o(i.HAL_GPIO_EXTI_Callback) refers to main.o(.data) for .data
    main.o(i.HAL_TIM_PeriodElapsedCallback) refers to main.o(i.StepperDebug_ServiceTim1Axes) for StepperDebug_ServiceTim1Axes
    main.o(i.HAL_UART_ErrorCallback) refers to main.o(i.BeltDrive_StartUartReceive) for BeltDrive_StartUartReceive
    main.o(i.HAL_UART_RxCpltCallback) refers to main.o(i.Uart1_EnqueueRxByte) for Uart1_EnqueueRxByte
    main.o(i.HAL_UART_RxCpltCallback) refers to main.o(i.BeltDrive_StartUartReceive) for BeltDrive_StartUartReceive
    main.o(i.HAL_UART_RxCpltCallback) refers to main.o(.data) for .data
    main.o(i.Mecanum_SetWheelOutput) refers to stm32h7xx_hal_gpio.o(i.HAL_GPIO_WritePin) for HAL_GPIO_WritePin
    main.o(i.Mecanum_SetWheelOutput) refers to stm32h7xx_hal_tim.o(i.HAL_TIM_PWM_Stop) for HAL_TIM_PWM_Stop
    main.o(i.Mecanum_SetWheelOutput) refers to stm32h7xx_hal_tim.o(i.HAL_TIM_PWM_Start) for HAL_TIM_PWM_Start
    main.o(i.Mecanum_SetWheelOutput) refers to main.o(i.Mecanum_GetPwmCompareFromDuty) for Mecanum_GetPwmCompareFromDuty
    main.o(i.Mecanum_SetWheelOutput) refers to main.o(.data) for .data
    main.o(i.Mecanum_SetWheelOutput) refers to tim.o(.bss) for htim3
    main.o(i.Servo_SetAngleDegrees) refers to main.o(i.Servo_ClampAngleDeg) for Servo_ClampAngleDeg
    main.o(i.StepperDebug_AllAxesStopped) refers to main.o(.constdata) for .constdata
    main.o(i.StepperDebug_CommandAxis) refers to main.o(i.StepperDebug_EnterManualMode) for StepperDebug_EnterManualMode
    main.o(i.StepperDebug_CommandAxis) refers to main.o(i.StepperDebug_SetAxisDirection) for StepperDebug_SetAxisDirection
    main.o(i.StepperDebug_DelayUs) refers to main.o(.data) for .data
    main.o(i.StepperDebug_EnterManualMode) refers to stm32h7xx_hal.o(i.HAL_GetTick) for HAL_GetTick
    main.o(i.StepperDebug_EnterManualMode) refers to main.o(.data) for .data
    main.o(i.StepperDebug_ForceTim1ChannelLow) refers to tim.o(.bss) for htim1
[...]
    i.HAL_RCC_GetPCLK2Freq                   0x0800237c   Section        0  stm32h7xx_hal_rcc.o(i.HAL_RCC_GetPCLK2Freq)
    i.HAL_RCC_GetSysClockFreq                0x080023a0   Section        0  stm32h7xx_hal_rcc.o(i.HAL_RCC_GetSysClockFreq)
    i.HAL_RCC_OscConfig                      0x080024d8   Section        0  stm32h7xx_hal_rcc.o(i.HAL_RCC_OscConfig)
    i.HAL_SYSTICK_Config                     0x080029fe   Section        0  stm32h7xx_hal_cortex.o(i.HAL_SYSTICK_Config)
    i.HAL_TIMEx_Break2Callback               0x08002a24   Section        0  stm32h7xx_hal_tim_ex.o(i.HAL_TIMEx_Break2Callback)
    i.HAL_TIMEx_BreakCallback                0x08002a26   Section        0  stm32h7xx_hal_tim_ex.o(i.HAL_TIMEx_BreakCallback)
    i.HAL_TIMEx_CommutCallback               0x08002a28   Section        0  stm32h7xx_hal_tim_ex.o(i.HAL_TIMEx_CommutCallback)
    i.HAL_TIMEx_ConfigBreakDeadTime          0x08002a2c   Section        0  stm32h7xx_hal_tim_ex.o(i.HAL_TIMEx_ConfigBreakDeadTime)
    i.HAL_TIMEx_MasterConfigSynchronization  0x08002acc   Section        0  stm32h7xx_hal_tim_ex.o(i.HAL_TIMEx_MasterConfigSynchronization)
    i.HAL_TIM_GenerateEvent                  0x08002b84   Section        0  stm32h7xx_hal_tim.o(i.HAL_TIM_GenerateEvent)
    i.HAL_TIM_IC_CaptureCallback             0x08002bac   Section        0  stm32h7xx_hal_tim.o(i.HAL_TIM_IC_CaptureCallback)
    i.HAL_TIM_IRQHandler                     0x08002bae   Section        0  stm32h7xx_hal_tim.o(i.HAL_TIM_IRQHandler)
    i.HAL_TIM_MspPostInit                    0x08002cf8   Section        0  tim.o(i.HAL_TIM_MspPostInit)
    i.HAL_TIM_OC_DelayElapsedCallback        0x08002e24   Section        0  stm32h7xx_hal_tim.o(i.HAL_TIM_OC_DelayElapsedCallback)
    i.HAL_TIM_PWM_ConfigChannel              0x08002e26   Section        0  stm32h7xx_hal_tim.o(i.HAL_TIM_PWM_ConfigChannel)
    i.HAL_TIM_PWM_Init                       0x08002f4a   Section        0  stm32h7xx_hal_tim.o(i.HAL_TIM_PWM_Init)
    i.HAL_TIM_PWM_MspInit                    0x08002fac   Section        0  tim.o(i.HAL_TIM_PWM_MspInit)
    i.HAL_TIM_PWM_PulseFinishedCallback      0x0800304c   Section        0  stm32h7xx_hal_tim.o(i.HAL_TIM_PWM_PulseFinishedCallback)
    i.HAL_TIM_PWM_Start                      0x08003050   Section        0  stm32h7xx_hal_tim.o(i.HAL_TIM_PWM_Start)
    i.HAL_TIM_PWM_Stop                       0x08003174   Section        0  stm32h7xx_hal_tim.o(i.HAL_TIM_PWM_Stop)
    i.HAL_TIM_PeriodElapsedCallback          0x08003224   Section        0  main.o(i.HAL_TIM_PeriodElapsedCallback)
    i.HAL_TIM_TriggerCallback                0x08003240   Section        0  stm32h7xx_hal_tim.o(i.HAL_TIM_TriggerCallback)
    i.HAL_UARTEx_DisableFifoMode             0x08003242   Section        0  stm32h7xx_hal_uart_ex.o(i.HAL_UARTEx_DisableFifoMode)
    i.HAL_UARTEx_RxEventCallback             0x08003282   Section        0  stm32h7xx_hal_uart.o(i.HAL_UARTEx_RxEventCallback)
    i.HAL_UARTEx_RxFifoFullCallback          0x08003284   Section        0  stm32h7xx_hal_uart_ex.o(i.HAL_UARTEx_RxFifoFullCallback)
    i.HAL_UARTEx_SetRxFifoThreshold          0x08003286   Section        0  stm32h7xx_hal_uart_ex.o(i.HAL_UARTEx_SetRxFifoThreshold)
    i.HAL_UARTEx_SetTxFifoThreshold          0x080032d2   Section        0  stm32h7xx_hal_uart_ex.o(i.HAL_UARTEx_SetTxFifoThreshold)
    i.HAL_UARTEx_TxFifoEmptyCallback         0x0800331e   Section        0  stm32h7xx_hal_uart_ex.o(i.HAL_UARTEx_TxFifoEmptyCallback)
    i.HAL_UARTEx_WakeupCallback              0x08003320   Section        0  stm32h7xx_hal_uart_ex.o(i.HAL_UARTEx_WakeupCallback)
    i.HAL_UART_ErrorCallback                 0x08003324   Section        0  main.o(i.HAL_UART_ErrorCallback)
    i.HAL_UART_IRQHandler                    0x08003338   Section        0  stm32h7xx_hal_uart.o(i.HAL_UART_IRQHandler)
    i.HAL_UART_Init                          0x080036c0   Section        0  stm32h7xx_hal_uart.o(i.HAL_UART_Init)
    i.HAL_UART_MspInit                       0x0800372c   Section        0  usart.o(i.HAL_UART_MspInit)
    i.HAL_UART_Receive_IT                    0x080037c4   Section        0  stm32h7xx_hal_uart.o(i.HAL_UART_Receive_IT)
    i.HAL_UART_RxCpltCallback                0x0800380c   Section        0  main.o(i.HAL_UART_RxCpltCallback)
    i.HAL_UART_Transmit                      0x08003830   Section        0  stm32h7xx_hal_uart.o(i.HAL_UART_Transmit)
    i.HAL_UART_TxCpltCallback                0x080038e0   Section        0  stm32h7xx_hal_uart.o(i.HAL_UART_TxCpltCallback)
    i.HardFault_Handler                      0x080038e2   Section        0  stm32h7xx_it.o(i.HardFault_Handler)
    i.MX_GPIO_Init                           0x080038e4   Section        0  gpio.o(i.MX_GPIO_Init)
    i.MX_TIM1_Init                           0x080039f0   Section        0  tim.o(i.MX_TIM1_Init)
    i.MX_TIM2_Init                           0x08003ab0   Section        0  tim.o(i.MX_TIM2_Init)
    i.MX_TIM3_Init                           0x08003b24   Section        0  tim.o(i.MX_TIM3_Init)
    i.MX_TIM4_Init                           0x08003bc8   Section        0  tim.o(i.MX_TIM4_Init)
    i.MX_TIM8_Init                           0x08003c3c   Section        0  tim.o(i.MX_TIM8_Init)
    i.MX_USART1_UART_Init                    0x08003cf0   Section        0  usart.o(i.MX_USART1_UART_Init)
    i.Mecanum_GetPwmCompareFromDuty          0x08003d58   Section        0  main.o(i.Mecanum_GetPwmCompareFromDuty)
    Mecanum_GetPwmCompareFromDuty            0x08003d59   Thumb Code    28  main.o(i.Mecanum_GetPwmCompareFromDuty)
    i.Mecanum_SetWheelOutput                 0x08003d74   Section        0  main.o(i.Mecanum_SetWheelOutput)
    Mecanum_SetWheelOutput                   0x08003d75   Thumb Code   276  main.o(i.Mecanum_SetWheelOutput)
    i.MemManage_Handler                      0x08003e90   Section        0  stm32h7xx_it.o(i.MemManage_Handler)
    i.NMI_Handler                            0x08003e92   Section        0  stm32h7xx_it.o(i.NMI_Handler)
    i.PendSV_Handler                         0x08003e94   Section        0  stm32h7xx_it.o(i.PendSV_Handler)
    i.RCCEx_PLL2_Config                      0x08003e98   Section        0  stm32h7xx_hal_rcc_ex.o(i.RCCEx_PLL2_Config)
    RCCEx_PLL2_Config                        0x08003e99   Thumb Code   284  stm32h7xx_hal_rcc_ex.o(i.RCCEx_PLL2_Config)
    i.RCCEx_PLL3_Config                      0x08003fb8   Section        0  stm32h7xx_hal_rcc_ex.o(i.RCCEx_PLL3_Config)
    RCCEx_PLL3_Config                        0x08003fb9   Thumb Code   284  stm32h7xx_hal_rcc_ex.o(i.RCCEx_PLL3_Config)
    i.SVC_Handler                            0x080040d8   Section        0  stm32h7xx_it.o(i.SVC_Handler)
    i.Servo_ClampAngleDeg                    0x080040da   Section        0  main.o(i.Servo_ClampAngleDeg)
    Servo_ClampAngleDeg                      0x080040db   Thumb Code    20  main.o(i.Servo_ClampAngleDeg)
    i.Servo_SetAngleDegrees                  0x080040ee   Section        0  main.o(i.Servo_SetAngleDegrees)
    Servo_SetAngleDegrees                    0x080040ef   Thumb Code   134  main.o(i.Servo_SetAngleDegrees)
    i.StepperDebug_AllAxesStopped            0x08004174   Section        0  main.o(i.StepperDebug_AllAxesStopped)
    StepperDebug_AllAxesStopped              0x08004175   Thumb Code    38  main.o(i.StepperDebug_AllAxesStopped)
    i.StepperDebug_CommandAxis               0x080041a0   Section        0  main.o(i.StepperDebug_CommandAxis)
    StepperDebug_CommandAxis                 0x080041a1   Thumb Code    70  main.o(i.StepperDebug_CommandAxis)
    i.StepperDebug_DelayUs                   0x080041ec   Section        0  main.o(i.StepperDebug_DelayUs)
    StepperDebug_DelayUs                     0x080041ed   Thumb Code    20  main.o(i.StepperDebug_DelayUs)
    i.StepperDebug_EnterManualMode           0x08004208   Section        0  main.o(i.StepperDebug_EnterManualMode)
    StepperDebug_EnterManualMode             0x08004209   Thumb Code    20  main.o(i.StepperDebug_EnterManualMode)
    i.StepperDebug_ForceTim1ChannelLow       0x08004220   Section        0  main.o(i.StepperDebug_ForceTim1ChannelLow)
    StepperDebug_ForceTim1ChannelLow         0x08004221   Thumb Code    20  main.o(i.StepperDebug_ForceTim1ChannelLow)
    i.StepperDebug_Init                      0x08004238   Section        0  main.o(i.StepperDebug_Init)
    StepperDebug_Init                        0x08004239   Thumb Code   296  main.o(i.StepperDebug_Init)
    i.StepperDebug_ServiceSoftwareAxis       0x08004384   Section        0  main.o(i.StepperDebug_ServiceSoftwareAxis)
    StepperDebug_ServiceSoftwareAxis         0x08004385   Thumb Code   110  main.o(i.StepperDebug_ServiceSoftwareAxis)
    i.StepperDebug_ServiceTim1Axes           0x080043fc   Section        0  main.o(i.StepperDebug_ServiceTim1Axes)
    StepperDebug_ServiceTim1Axes             0x080043fd   Thumb Code   182  main.o(i.StepperDebug_ServiceTim1Axes)
    i.StepperDebug_SetAxisDirection          0x080044c0   Section        0  main.o(i.StepperDebug_SetAxisDirection)
    StepperDebug_SetAxisDirection            0x080044c1   Thumb Code    22  main.o(i.StepperDebug_SetAxisDirection)
    i.StepperDebug_SetTargetsToCurrentPhase  0x080044d8   Section        0  main.o(i.StepperDebug_SetTargetsToCurrentPhase)
    StepperDebug_SetTargetsToCurrentPhase    0x080044d9   Thumb Code    86  main.o(i.StepperDebug_SetTargetsToCurrentPhase)
    i.StepperDebug_StartTim1Axis             0x0800453c   Section        0  main.o(i.StepperDebug_StartTim1Axis)
    StepperDebug_StartTim1Axis               0x0800453d   Thumb Code    44  main.o(i.StepperDebug_StartTim1Axis)
    i.StepperDebug_UpdateAxisSpeeds          0x0800456c   Section        0  main.o(i.StepperDebug_UpdateAxisSpeeds)
    StepperDebug_UpdateAxisSpeeds            0x0800456d   Thumb Code   198  main.o(i.StepperDebug_UpdateAxisSpeeds)
    i.StepperDebug_UpdatePhase               0x0800463c   Section        0  main.o(i.StepperDebug_UpdatePhase)
    StepperDebug_UpdatePhase                 0x0800463d   Thumb Code    86  main.o(i.StepperDebug_UpdatePhase)
    i.Stepper_ProcessUartCommand             0x08004698   Section        0  main.o(i.Stepper_ProcessUartCommand)
    Stepper_ProcessUartCommand               0x08004699   Thumb Code   100  main.o(i.Stepper_ProcessUartCommand)
    i.SysTick_Handler                        0x08004708   Section        0  stm32h7xx_it.o(i.SysTick_Handler)
    i.SystemClock_Config                     0x0800470c   Section        0  main.o(i.SystemClock_Config)
    i.SystemInit                             0x080047a4   Section        0  system_stm32h7xx.o(i.SystemInit)
    i.TIM1_UP_IRQHandler                     0x08004864   Section        0  stm32h7xx_it.o(i.TIM1_UP_IRQHandler)
    i.TIM_Base_SetConfig                     0x08004870   Section        0  stm32h7xx_hal_tim.o(i.TIM_Base_SetConfig)
    i.TIM_CCxChannelCmd                      0x08004954   Section        0  stm32h7xx_hal_tim.o(i.TIM_CCxChannelCmd)
    i.TIM_OC1_SetConfig                      0x08004970   Section        0  stm32h7xx_hal_tim.o(i.TIM_OC1_SetConfig)
    TIM_OC1_SetConfig                        0x08004971   Thumb Code   140  stm32h7xx_hal_tim.o(i.TIM_OC1_SetConfig)
    i.TIM_OC2_SetConfig                      0x08004a14   Section        0  stm32h7xx_hal_tim.o(i.TIM_OC2_SetConfig)
    i.TIM_OC3_SetConfig                      0x08004aac   Section        0  stm32h7xx_hal_tim.o(i.TIM_OC3_SetConfig)
    TIM_OC3_SetConfig                        0x08004aad   Thumb Code   126  stm32h7xx_hal_tim.o(i.TIM_OC3_SetConfig)
    i.TIM_OC4_SetConfig                      0x08004b44   Section        0  stm32h7xx_hal_tim.o(i.TIM_OC4_SetConfig)
    TIM_OC4_SetConfig                        0x08004b45   Thumb Code    96  stm32h7xx_hal_tim.o(i.TIM_OC4_SetConfig)
    i.TIM_OC5_SetConfig                      0x08004bbc   Section        0  stm32h7xx_hal_tim.o(i.TIM_OC5_SetConfig)
    TIM_OC5_SetConfig                        0x08004bbd   Thumb Code    90  stm32h7xx_hal_tim.o(i.TIM_OC5_SetConfig)
    i.TIM_OC6_SetConfig                      0x08004c30   Section        0  stm32h7xx_hal_tim.o(i.TIM_OC6_SetConfig)
    TIM_OC6_SetConfig                        0x08004c31   Thumb Code    90  stm32h7xx_hal_tim.o(i.TIM_OC6_SetConfig)
    i.UARTEx_SetNbDataToProcess              0x08004ca4   Section        0  stm32h7xx_hal_uart_ex.o(i.UARTEx_SetNbDataToProcess)
    UARTEx_SetNbDataToProcess                0x08004ca5   Thumb Code    62  stm32h7xx_hal_uart_ex.o(i.UARTEx_SetNbDataToProcess)
    i.UART_AdvFeatureConfig                  0x08004ce8   Section        0  stm32h7xx_hal_uart.o(i.UART_AdvFeatureConfig)
    i.UART_CheckIdleState                    0x08004db0   Section        0  stm32h7xx_hal_uart.o(i.UART_CheckIdleState)
    i.UART_DMAAbortOnError                   0x08004e5a   Section        0  stm32h7xx_hal_uart.o(i.UART_DMAAbortOnError)
    UART_DMAAbortOnError                     0x08004e5b   Thumb Code    20  stm32h7xx_hal_uart.o(i.UART_DMAAbortOnError)
    i.UART_EndRxTransfer                     0x08004e70   Section        0  stm32h7xx_hal_uart.o(i.UART_EndRxTransfer)
    UART_EndRxTransfer                       0x08004e71   Thumb Code    78  stm32h7xx_hal_uart.o(i.UART_EndRxTransfer)
    i.UART_RxISR_16BIT                       0x08004ec4   Section        0  stm32h7xx_hal_uart.o(i.UART_RxISR_16BIT)
    UART_RxISR_16BIT                         0x08004ec5   Thumb Code   196  stm32h7xx_hal_uart.o(i.UART_RxISR_16BIT)
    i.UART_RxISR_16BIT_FIFOEN                0x08004f8c   Section        0  stm32h7xx_hal_uart.o(i.UART_RxISR_16BIT_FIFOEN)
    UART_RxISR_16BIT_FIFOEN                  0x08004f8d   Thumb Code   404  stm32h7xx_hal_uart.o(i.UART_RxISR_16BIT_FIFOEN)
    i.UART_RxISR_8BIT                        0x0800512c   Section        0  stm32h7xx_hal_uart.o(i.UART_RxISR_8BIT)
    UART_RxISR_8BIT                          0x0800512d   Thumb Code   196  stm32h7xx_hal_uart.o(i.UART_RxISR_8BIT)
    i.UART_RxISR_8BIT_FIFOEN                 0x080051f4   Section        0  stm32h7xx_hal_uart.o(i.UART_RxISR_8BIT_FIFOEN)
    UART_RxISR_8BIT_FIFOEN                   0x080051f5   Thumb Code   404  stm32h7xx_hal_uart.o(i.UART_RxISR_8BIT_FIFOEN)
    i.UART_SetConfig                         0x08005394   Section        0  stm32h7xx_hal_uart.o(i.UART_SetConfig)
    i.UART_Start_Receive_IT                  0x08005770   Section        0  stm32h7xx_hal_uart.o(i.UART_Start_Receive_IT)
    i.UART_WaitOnFlagUntilTimeout            0x08005880   Section        0  stm32h7xx_hal_uart.o(i.UART_WaitOnFlagUntilTimeout)
    i.USART1_IRQHandler                      0x08005914   Section        0  stm32h7xx_it.o(i.USART1_IRQHandler)
    i.Uart1_EnqueueRxByte                    0x08005920   Section        0  main.o(i.Uart1_EnqueueRxByte)
    Uart1_EnqueueRxByte                      0x08005921   Thumb Code    64  main.o(i.Uart1_EnqueueRxByte)
    i.Uart1_ProcessPendingRxCommands         0x08005968   Section        0  main.o(i.Uart1_ProcessPendingRxCommands)
    Uart1_ProcessPendingRxCommands           0x08005969   Thumb Code    92  main.o(i.Uart1_ProcessPendingRxCommands)
    i.Uart1_SendPendingAck                   0x080059d0   Section        0  main.o(i.Uart1_SendPendingAck)
    Uart1_SendPendingAck                     0x080059d1   Thumb Code    64  main.o(i.Uart1_SendPendingAck)
    i.UsageFault_Handler                     0x08005a38   Section        0  stm32h7xx_it.o(i.UsageFault_Handler)
    i.__NVIC_SetPriority                     0x08005a3a   Section        0  stm32h7xx_hal_cortex.o(i.__NVIC_SetPriority)
    __NVIC_SetPriority                       0x08005a3b   Thumb Code    34  stm32h7xx_hal_cortex.o(i.__NVIC_SetPriority)
    i._is_digit                              0x08005a5c   Section        0  __printf_wp.o(i._is_digit)
    i.main                                   0x08005a6c   Section        0  main.o(i.main)
    x$fpl$fpinit                             0x08005b9c   Section       10  fpinit.o(x$fpl$fpinit)
    $v0                                      0x08005b9c   Number         0  fpinit.o(x$fpl$fpinit)
    .constdata                               0x08005ba8   Section       12  main.o(.constdata)
    stepper_axes                             0x08005ba8   Data          12  main.o(.constdata)
    .constdata                               0x08005bb4   Section       24  stm32h7xx_hal_uart.o(.constdata)
    .constdata                               0x08005bcc   Section       16  stm32h7xx_hal_uart_ex.o(.constdata)
    numerator                                0x08005bcc   Data           8  stm32h7xx_hal_uart_ex.o(.constdata)
    denominator                              0x08005bd4   Data           8  stm32h7xx_hal_uart_ex.o(.constdata)
    .constdata                               0x08005bdc   Section       16  system_stm32h7xx.o(.constdata)
    .constdata                               0x08005bec   Section       40  _printf_hex_int.o(.constdata)
    uc_hextab                                0x08005bec   Data          20  _printf_hex_int.o(.constdata)
    lc_hextab                                0x08005c00   Data          20  _printf_hex_int.o(.constdata)
    .constdata                               0x08005c14   Section       17  __printf_flags_wp.o(.constdata)
    maptable                                 0x08005c14   Data          17  __printf_flags_wp.o(.constdata)
    .bss                                     0x20000000   Section       48  main.o(.bss)
    uart1_ack_tx_buf                         0x20000000   Data          32  main.o(.bss)
    uart1_rx_cmd_queue                       0x20000020   Data          16  main.o(.bss)
    .bss                                     0x20000030   Section      148  usart.o(.bss)
    .bss                                     0x200000c4   Section       96  libspace.o(.bss)
    STACK                                    0x20000128   Section     1024  startup_stm32h723xx.o(STACK)
    Stack_Mem                                0x20000128   Data        1024  startup_stm32h723xx.o(STACK)
    __initial_sp                             0x20000528   Data           0  startup_stm32h723xx.o(STACK)
    .data                                    0x24000000   Section      396  main.o(.data)
    uart1_rx_byte                            0x24000000   Data           1  main.o(.data)
    uart1_ack_pending                        0x24000001   Data           1  main.o(.data)
    uart1_ack_byte                           0x24000002   Data           1  main.o(.data)
    uart1_rx_cmd_read_index                  0x24000003   Data           1  main.o(.data)
    uart1_rx_cmd_write_index                 0x24000004   Data           1  main.o(.data)
    uart1_rx_cmd_count                       0x24000005   Data           1  main.o(.data)
    stepper_control_mode                     0x24000006   Data           1  main.o(.data)
    stepper_debug_phase                      0x24000007   Data           1  main.o(.data)
    stepper_debug_phase_tick                 0x24000008   Data           4  main.o(.data)
    stepper_debug_last_control_tick          0x2400000c   Data           4  main.o(.data)
    stepper_debug_cycles_per_us              0x24000010   Data           4  main.o(.data)
    stepper_tim_pwm_pulse_ticks              0x24000014   Data           4  main.o(.data)
    stepper_debug_seconds_per_cycle          0x24000018   Data           4  main.o(.data)
    friction_3650_a                          0x2400001c   Data          44  main.o(.data)
    friction_3650_b                          0x24000048   Data          44  main.o(.data)
    mecanum_wheels                           0x24000074   Data          80  main.o(.data)
    stepper_axis_x                           0x240000c4   Data          60  main.o(.data)
    stepper_axis_y                           0x24000100   Data          60  main.o(.data)
    stepper_axis_z                           0x2400013c   Data          60  main.o(.data)
    servo_270                                0x24000178   Data          20  main.o(.data)
    .data                                    0x2400018c   Section       12  stm32h7xx_hal.o(.data)
    .data                                    0x24000198   Section        8  system_stm32h7xx.o(.data)
    .bss                                     0x240001a0   Section      380  tim.o(.bss)
    HEAP                                     0x24000320   Section      512  startup_stm32h723xx.o(HEAP)
    Heap_Mem                                 0x24000320   Data         512  startup_stm32h723xx.o(HEAP)

    Global Symbols

    Symbol Name                              Value     Ov Type        Size  Object(Section)

    BuildAttributes$$THM_ISAv4$E$P$D$K$B$S$7EM$VFPv5_D16$PE$PLD8$A:L22UL41UL21$X:L11$S22US41US21$IEEE1$IW$USESV6$~STKCKD$USESV7$~SHL$OSPACE$ROPI$EBA8$UX$STANDARDLIB$REQ8$PRES8$EABIv2 0x00000000   Number         0  anon$$obj.o ABSOLUTE
    __ARM_use_no_argv                        0x00000000   Number         0  main.o ABSOLUTE
    _printf_flags                            0x00000000   Number         0  printf_stubs.o ABSOLUTE
    _printf_return_value                     0x00000000   Number         0  printf_stubs.o ABSOLUTE
    _printf_sizespec                         0x00000000   Number         0  printf_stubs.o ABSOLUTE
    _printf_widthprec                        0x00000000   Number         0  printf_stubs.o ABSOLUTE
    __ARM_exceptions_init                     - Undefined Weak Reference
    __alloca_initialize                       - Undefined Weak Reference
    __arm_fini_                               - Undefined Weak Reference
    __arm_preinit_                            - Undefined Weak Reference
    __cpp_initialize__aeabi_                  - Undefined Weak Reference
    __cxa_finalize                            - Undefined Weak Reference
    __rt_locale                               - Undefined Weak Reference
    __sigvec_lookup                           - Undefined Weak Reference
    _atexit_init                              - Undefined Weak Reference
    _call_atexit_fns                          - Undefined Weak Reference
    _clock_init                               - Undefined Weak Reference
    _fp_trap_init                             - Undefined Weak Reference
    _fp_trap_shutdown                         - Undefined Weak Reference
    _get_lc_collate                           - Undefined Weak Reference
    _get_lc_ctype                             - Undefined Weak Reference
    _get_lc_monetary                          - Undefined Weak Reference
    _get_lc_numeric                           - Undefined Weak Reference
    _get_lc_time                              - Undefined Weak Reference
    _getenv_init                              - Undefined Weak Reference
    _handle_redirection                       - Undefined Weak Reference
    _init_alloc                               - Undefined Weak Reference
    _init_user_alloc                          - Undefined Weak Reference
    _initio                                   - Undefined Weak Reference
    _printf_mbtowc                            - Undefined Weak Reference
    _printf_truncate_unsigned                 - Undefined Weak Reference
    _rand_init                                - Undefined Weak Reference
    _signal_finish                            - Undefined Weak Reference
    _signal_init                              - Undefined Weak Reference
    _terminate_alloc                          - Undefined Weak Reference
    _terminate_user_alloc                     - Undefined Weak Reference
    _terminateio                              - Undefined Weak Reference
    __Vectors_Size                           0x000002cc   Number         0  startup_stm32h723xx.o ABSOLUTE
    __Vectors                                0x08000000   Data           4  startup_stm32h723xx.o(RESET)
    __Vectors_End                            0x080002cc   Data           0  startup_stm32h723xx.o(RESET)
    __main                                   0x080002cd   Thumb Code     8  __main.o(!!!main)
    __scatterload                            0x080002d5   Thumb Code     0  __scatter.o(!!!scatter)
    __scatterload_rt2                        0x080002d5   Thumb Code    44  __scatter.o(!!!scatter)
    __scatterload_rt2_thumb_only             0x080002d5   Thumb Code     0  __scatter.o(!!!scatter)
    __scatterload_null                       0x080002e3   Thumb Code     0  __scatter.o(!!!scatter)
    __decompress                             0x08000309   Thumb Code    90  __dczerorl2.o(!!dczerorl2)
    __decompress1                            0x08000309   Thumb Code     0  __dczerorl2.o(!!dczerorl2)
    __scatterload_zeroinit                   0x08000365   Thumb Code    28  __scatter_zi.o(!!handler_zi)
    _printf_percent                          0x08000381   Thumb Code     0  _printf_percent.o(.ARM.Collect$$_printf_percent$$00000000)
    _printf_x                                0x08000381   Thumb Code     0  _printf_x.o(.ARM.Collect$$_printf_percent$$0000000C)
    _printf_c                                0x08000387   Thumb Code     0  _printf_c.o(.ARM.Collect$$_printf_percent$$00000013)
    _printf_percent_end                      0x0800038d   Thumb Code     0  _printf_percent_end.o(.ARM.Collect$$_printf_percent$$00000017)
    __rt_lib_init                            0x08000391   Thumb Code     0  libinit.o(.ARM.Collect$$libinit$$00000000)
    __rt_lib_init_fp_1                       0x08000393   Thumb Code     0  libinit2.o(.ARM.Collect$$libinit$$00000001)
    __rt_lib_init_alloca_1                   0x08000397   Thumb Code     0  libinit2.o(.ARM.Collect$$libinit$$0000002E)
    __rt_lib_init_argv_1                     0x08000397   Thumb Code     0  libinit2.o(.ARM.Collect$$libinit$$0000002C)
    __rt_lib_init_atexit_1                   0x08000397   Thumb Code     0  libinit2.o(.ARM.Collect$$libinit$$0000001B)
    __rt_lib_init_clock_1                    0x08000397   Thumb Code     0  libinit2.o(.ARM.Collect$$libinit$$00000021)
    __rt_lib_init_cpp_1                      0x08000397   Thumb Code     0  libinit2.o(.ARM.Collect$$libinit$$00000032)
    __rt_lib_init_exceptions_1               0x08000397   Thumb Code     0  libinit2.o(.ARM.Collect$$libinit$$00000030)
    __rt_lib_init_fp_trap_1                  0x08000397   Thumb Code     0  libinit2.o(.ARM.Collect$$libinit$$0000001F)
    __rt_lib_init_getenv_1                   0x08000397   Thumb Code     0  libinit2.o(.ARM.Collect$$libinit$$00000023)
    __rt_lib_init_heap_1                     0x08000397   Thumb Code     0  libinit2.o(.ARM.Collect$$libinit$$0000000A)
    __rt_lib_init_lc_collate_1               0x08000397   Thumb Code     0  libinit2.o(.ARM.Collect$$libinit$$00000011)
    __rt_lib_init_lc_ctype_1                 0x08000397   Thumb Code     0  libinit2.o(.ARM.Collect$$libinit$$00000013)
    __rt_lib_init_lc_monetary_1              0x08000397   Thumb Code     0  libinit2.o(.ARM.Collect$$libinit$$00000015)
    __rt_lib_init_lc_numeric_1               0x08000397   Thumb Code     0  libinit2.o(.ARM.Collect$$libinit$$00000017)
    __rt_lib_init_lc_time_1                  0x08000397   Thumb Code     0  libinit2.o(.ARM.Collect$$libinit$$00000019)
    __rt_lib_init_preinit_1                  0x08000397   Thumb Code     0  libinit2.o(.ARM.Collect$$libinit$$00000004)
    __rt_lib_init_rand_1                     0x08000397   Thumb Code     0  libinit2.o(.ARM.Collect$$libinit$$0000000E)
    __rt_lib_init_return                     0x08000397   Thumb Code     0  libinit2.o(.ARM.Collect$$libinit$$00000033)
    __rt_lib_init_signal_1                   0x08000397   Thumb Code     0  libinit2.o(.ARM.Collect$$libinit$$0000001D)
    __rt_lib_init_stdio_1                    0x08000397   Thumb Code     0  libinit2.o(.ARM.Collect$$libinit$$00000025)
    __rt_lib_init_user_alloc_1               0x08000397   Thumb Code     0  libinit2.o(.ARM.Collect$$libinit$$0000000C)
    __rt_lib_shutdown                        0x08000399   Thumb Code     0  libshutdown.o(.ARM.Collect$$libshutdown$$00000000)
    __rt_lib_shutdown_cpp_1                  0x0800039b   Thumb Code     0  libshutdown2.o(.ARM.Collect$$libshutdown$$00000004)
    __rt_lib_shutdown_fini_1                 0x0800039b   Thumb Code     0  libshutdown2.o(.ARM.Collect$$libshutdown$$00000002)
    __rt_lib_shutdown_fp_trap_1              0x0800039b   Thumb Code     0  libshutdown2.o(.ARM.Collect$$libshutdown$$00000009)
    __rt_lib_shutdown_heap_1                 0x0800039b   Thumb Code     0  libshutdown2.o(.ARM.Collect$$libshutdown$$00000011)
    __rt_lib_shutdown_return                 0x0800039b   Thumb Code     0  libshutdown2.o(.ARM.Collect$$libshutdown$$00000012)
    __rt_lib_shutdown_signal_1               0x0800039b   Thumb Code     0  libshutdown2.o(.ARM.Collect$$libshutdown$$0000000C)
    __rt_lib_shutdown_stdio_1                0x0800039b   Thumb Code     0  libshutdown2.o(.ARM.Collect$$libshutdown$$00000006)
    __rt_lib_shutdown_user_alloc_1           0x0800039b   Thumb Code     0  libshutdown2.o(.ARM.Collect$$libshutdown$$0000000E)
    __rt_entry                               0x0800039d   Thumb Code     0  __rtentry.o(.ARM.Collect$$rtentry$$00000000)
    __rt_entry_presh_1                       0x0800039d   Thumb Code     0  __rtentry2.o(.ARM.Collect$$rtentry$$00000002)
    __rt_entry_sh                            0x0800039d   Thumb Code     0  __rtentry4.o(.ARM.Collect$$rtentry$$00000004)
    __rt_entry_li                            0x080003a3   Thumb Code     0  __rtentry2.o(.ARM.Collect$$rtentry$$0000000A)
    __rt_entry_postsh_1                      0x080003a3   Thumb Code     0  __rtentry2.o(.ARM.Collect$$rtentry$$00000009)
    __rt_entry_main                          0x080003a7   Thumb Code     0  __rtentry2.o(.ARM.Collect$$rtentry$$0000000D)
    __rt_entry_postli_1                      0x080003a7   Thumb Code     0  __rtentry2.o(.ARM.Collect$$rtentry$$0000000C)
    __rt_exit                                0x080003af   Thumb Code     0  rtexit.o(.ARM.Collect$$rtexit$$00000000)
    __rt_exit_ls                             0x080003b1   Thumb Code     0  rtexit2.o(.ARM.Collect$$rtexit$$00000003)
    __rt_exit_prels_1                        0x080003b1   Thumb Code     0  rtexit2.o(.ARM.Collect$$rtexit$$00000002)
    __rt_exit_exit                           0x080003b5   Thumb Code     0  rtexit2.o(.ARM.Collect$$rtexit$$00000004)
    Reset_Handler                            0x080003bd   Thumb Code     8  startup_stm32h723xx.o(.text)
    ADC3_IRQHandler                          0x080003d7   Thumb Code     0  startup_stm32h723xx.o(.text)
    ADC_IRQHandler                           0x080003d7   Thumb Code     0  startup_stm32h723xx.o(.text)
    BDMA_Channel0_IRQHandler                 0x080003d7   Thumb Code     0  startup_stm32h723xx.o(.text)
    BDMA_Channel1_IRQHandler                 0x080003d7   Thumb Code     0  startup_stm32h723xx.o(.text)
    BDMA_Channel2_IRQHandler                 0x080003d7   Thumb Code     0  startup_stm32h723xx.o(.text)
    BDMA_Channel3_IRQHandler                 0x080003d7   Thumb Code     0  startup_stm32h723xx.o(.text)
    BDMA_Channel4_IRQHandler                 0x080003d7   Thumb Code     0  startup_stm32h723xx.o(.text)
    BDMA_Channel5_IRQHandler                 0x080003d7   Thumb Code     0  startup_stm32h723xx.o(.text)
    BDMA_Channel6_IRQHandler                 0x080003d7   Thumb Code     0  startup_stm32h723xx.o(.text)
    BDMA_Channel7_IRQHandler                 0x080003d7   Thumb Code     0  startup_stm32h723xx.o(.text)
    CEC_IRQHandler                           0x080003d7   Thumb Code     0  startup_stm32h723xx.o(.text)
    COMP1_IRQHandler                         0x080003d7   Thumb Code     0  startup_stm32h723xx.o(.text)
    CORDIC_IRQHandler                        0x080003d7   Thumb Code     0  startup_stm32h723xx.o(.text)
    CRS_IRQHandler                           0x080003d7   Thumb Code     0  startup_stm32h723xx.o(.text)
    DCMI_PSSI_IRQHandler                     0x080003d7   Thumb Code     0  startup_stm32h723xx.o(.text)
    DFSDM1_FLT0_IRQHandler                   0x080003d7   Thumb Code     0  startup_stm32h723xx.o(.text)
    DFSDM1_FLT1_IRQHandler                   0x080003d7   Thumb Code     0  startup_stm32h723xx.o(.text)
    DFSDM1_FLT2_IRQHandler                   0x080003d7   Thumb Code     0  startup_stm32h723xx.o(.text)
    DFSDM1_FLT3_IRQHandler                   0x080003d7   Thumb Code     0  startup_stm32h723xx.o(.text)
    DMA1_Stream0_IRQHandler                  0x080003d7   Thumb Code     0  startup_stm32h723xx.o(.text)
    DMA1_Stream1_IRQHandler                  0x080003d7   Thumb Code     0  startup_stm32h723xx.o(.text)
    DMA1_Stream2_IRQHandler                  0x080003d7   Thumb Code     0  startup_stm32h723xx.o(.text)
    DMA1_Stream3_IRQHandler                  0x080003d7   Thumb Code     0  startup_stm32h723xx.o(.text)
    DMA1_Stream4_IRQHandler                  0x080003d7   Thumb Code     0  startup_stm32h723xx.o(.text)
    DMA1_Stream5_IRQHandler                  0x080003d7   Thumb Code     0  startup_stm32h723xx.o(.text)
    DMA1_Stream6_IRQHandler                  0x080003d7   Thumb Code     0  startup_stm32h723xx.o(.text)
    DMA1_Stream7_IRQHandler                  0x080003d7   Thumb Code     0  startup_stm32h723xx.o(.text)
    DMA2D_IRQHandler                         0x080003d7   Thumb Code     0  startup_stm32h723xx.o(.text)
    DMA2_Stream0_IRQHandler                  0x080003d7   Thumb Code     0  startup_stm32h723xx.o(.text)
    DMA2_Stream1_IRQHandler                  0x080003d7   Thumb Code     0  startup_stm32h723xx.o(.text)
    DMA2_Stream2_IRQHandler                  0x080003d7   Thumb Code     0  startup_stm32h723xx.o(.text)
    DMA2_Stream3_IRQHandler                  0x080003d7   Thumb Code     0  startup_stm32h723xx.o(.text)
    DMA2_Stream4_IRQHandler                  0x080003d7   Thumb Code     0  startup_stm32h723xx.o(.text)
    DMA2_Stream5_IRQHandler                  0x080003d7   Thumb Code     0  startup_stm32h723xx.o(.text)
    DMA2_Stream6_IRQHandler                  0x080003d7   Thumb Code     0  startup_stm32h723xx.o(.text)
    DMA2_Stream7_IRQHandler                  0x080003d7   Thumb Code     0  startup_stm32h723xx.o(.text)
    DMAMUX1_OVR_IRQHandler                   0x080003d7   Thumb Code     0  startup_stm32h723xx.o(.text)
    DMAMUX2_OVR_IRQHandler                   0x080003d7   Thumb Code     0  startup_stm32h723xx.o(.text)
    DTS_IRQHandler                           0x080003d7   Thumb Code     0  startup_stm32h723xx.o(.text)
    ECC_IRQHandler                           0x080003d7   Thumb Code     0  startup_stm32h723xx.o(.text)
    ETH_IRQHandler                           0x080003d7   Thumb Code     0  startup_stm32h723xx.o(.text)
    ETH_WKUP_IRQHandler                      0x080003d7   Thumb Code     0  startup_stm32h723xx.o(.text)
    EXTI0_IRQHandler                         0x080003d7   Thumb Code     0  startup_stm32h723xx.o(.text)
    EXTI15_10_IRQHandler                     0x080003d7   Thumb Code     0  startup_stm32h723xx.o(.text)
    EXTI1_IRQHandler                         0x080003d7   Thumb Code     0  startup_stm32h723xx.o(.text)
    EXTI3_IRQHandler                         0x080003d7   Thumb Code     0  startup_stm32h723xx.o(.text)
    EXTI9_5_IRQHandler                       0x080003d7   Thumb Code     0  startup_stm32h723xx.o(.text)
    FDCAN1_IT0_IRQHandler                    0x080003d7   Thumb Code     0  startup_stm32h723xx.o(.text)
    FDCAN1_IT1_IRQHandler                    0x080003d7   Thumb Code     0  startup_stm32h723xx.o(.text)
    FDCAN2_IT0_IRQHandler                    0x080003d7   Thumb Code     0  startup_stm32h723xx.o(.text)
    FDCAN2_IT1_IRQHandler                    0x080003d7   Thumb Code     0  startup_stm32h723xx.o(.text)
    FDCAN3_IT0_IRQHandler                    0x080003d7   Thumb Code     0  startup_stm32h723xx.o(.text)
    FDCAN3_IT1_IRQHandler                    0x080003d7   Thumb Code     0  startup_stm32h723xx.o(.text)
    FDCAN_CAL_IRQHandler                     0x080003d7   Thumb Code     0  startup_stm32h723xx.o(.text)
    FLASH_IRQHandler                         0x080003d7   Thumb Code     0  startup_stm32h723xx.o(.text)
    FMAC_IRQHandler                          0x080003d7   Thumb Code     0  startup_stm32h723xx.o(.text)
    FMC_IRQHandler                           0x080003d7   Thumb Code     0  startup_stm32h723xx.o(.text)
    FPU_IRQHandler                           0x080003d7   Thumb Code     0  startup_stm32h723xx.o(.text)
    HSEM1_IRQHandler                         0x080003d7   Thumb Code     0  startup_stm32h723xx.o(.text)
    I2C1_ER_IRQHandler                       0x080003d7   Thumb Code     0  startup_stm32h723xx.o(.text)
    I2C1_EV_IRQHandler                       0x080003d7   Thumb Code     0  startup_stm32h723xx.o(.text)
    I2C2_ER_IRQHandler                       0x080003d7   Thumb Code     0  startup_stm32h723xx.o(.text)
    I2C2_EV_IRQHandler                       0x080003d7   Thumb Code     0  startup_stm32h723xx.o(.text)
    I2C3_ER_IRQHandler                       0x080003d7   Thumb Code     0  startup_stm32h723xx.o(.text)
    I2C3_EV_IRQHandler                       0x080003d7   Thumb Code     0  startup_stm32h723xx.o(.text)
    I2C4_ER_IRQHandler                       0x080003d7   Thumb Code     0  startup_stm32h723xx.o(.text)
    I2C4_EV_IRQHandler                       0x080003d7   Thumb Code     0  startup_stm32h723xx.o(.text)
    I2C5_ER_IRQHandler                       0x080003d7   Thumb Code     0  startup_stm32h723xx.o(.text)
    I2C5_EV_IRQHandler                       0x080003d7   Thumb Code     0  startup_stm32h723xx.o(.text)
    LPTIM1_IRQHandler                        0x080003d7   Thumb Code     0  startup_stm32h723xx.o(.text)
    LPTIM2_IRQHandler                        0x080003d7   Thumb Code     0  startup_stm32h723xx.o(.text)
    LPTIM3_IRQHandler                        0x080003d7   Thumb Code     0  startup_stm32h723xx.o(.text)
    LPTIM4_IRQHandler                        0x080003d7   Thumb Code     0  startup_stm32h723xx.o(.text)
    LPTIM5_IRQHandler                        0x080003d7   Thumb Code     0  startup_stm32h723xx.o(.text)
    LPUART1_IRQHandler                       0x080003d7   Thumb Code     0  startup_stm32h723xx.o(.text)
    LTDC_ER_IRQHandler                       0x080003d7   Thumb Code     0  startup_stm32h723xx.o(.text)
    LTDC_IRQHandler                          0x080003d7   Thumb Code     0  startup_stm32h723xx.o(.text)
    MDIOS_IRQHandler                         0x080003d7   Thumb Code     0  startup_stm32h723xx.o(.text)
    MDIOS_WKUP_IRQHandler                    0x080003d7   Thumb Code     0  startup_stm32h723xx.o(.text)
    MDMA_IRQHandler                          0x080003d7   Thumb Code     0  startup_stm32h723xx.o(.text)
    OCTOSPI1_IRQHandler                      0x080003d7   Thumb Code     0  startup_stm32h723xx.o(.text)
    OCTOSPI2_IRQHandler                      0x080003d7   Thumb Code     0  startup_stm32h723xx.o(.text)
    OTG_HS_EP1_IN_IRQHandler                 0x080003d7   Thumb Code     0  startup_stm32h723xx.o(.text)
    OTG_HS_EP1_OUT_IRQHandler                0x080003d7   Thumb Code     0  startup_stm32h723xx.o(.text)
    OTG_HS_IRQHandler                        0x080003d7   Thumb Code     0  startup_stm32h723xx.o(.text)
    OTG_HS_WKUP_IRQHandler                   0x080003d7   Thumb Code     0  startup_stm32h723xx.o(.text)
    PVD_AVD_IRQHandler                       0x080003d7   Thumb Code     0  startup_stm32h723xx.o(.text)
    RCC_IRQHandler                           0x080003d7   Thumb Code     0  startup_stm32h723xx.o(.text)
    RNG_IRQHandler                           0x080003d7   Thumb Code     0  startup_stm32h723xx.o(.text)
    RTC_Alarm_IRQHandler                     0x080003d7   Thumb Code     0  startup_stm32h723xx.o(.text)
    RTC_WKUP_IRQHandler                      0x080003d7   Thumb Code     0  startup_stm32h723xx.o(.text)
    SAI1_IRQHandler                          0x080003d7   Thumb Code     0  startup_stm32h723xx.o(.text)
    SAI4_IRQHandler                          0x080003d7   Thumb Code     0  startup_stm32h723xx.o(.text)
    SDMMC1_IRQHandler                        0x080003d7   Thumb Code     0  startup_stm32h723xx.o(.text)
    SDMMC2_IRQHandler                        0x080003d7   Thumb Code     0  startup_stm32h723xx.o(.text)
    SPDIF_RX_IRQHandler                      0x080003d7   Thumb Code     0  startup_stm32h723xx.o(.text)
    SPI1_IRQHandler                          0x080003d7   Thumb Code     0  startup_stm32h723xx.o(.text)
    SPI2_IRQHandler                          0x080003d7   Thumb Code     0  startup_stm32h723xx.o(.text)
    SPI3_IRQHandler                          0x080003d7   Thumb Code     0  startup_stm32h723xx.o(.text)
    SPI4_IRQHandler                          0x080003d7   Thumb Code     0  startup_stm32h723xx.o(.text)
    SPI5_IRQHandler                          0x080003d7   Thumb Code     0  startup_stm32h723xx.o(.text)
    SPI6_IRQHandler                          0x080003d7   Thumb Code     0  startup_stm32h723xx.o(.text)
    SWPMI1_IRQHandler                        0x080003d7   Thumb Code     0  startup_stm32h723xx.o(.text)
    TAMP_STAMP_IRQHandler                    0x080003d7   Thumb Code     0  startup_stm32h723xx.o(.text)
    TIM15_IRQHandler                         0x080003d7   Thumb Code     0  startup_stm32h723xx.o(.text)
    TIM16_IRQHandler                         0x080003d7   Thumb Code     0  startup_stm32h723xx.o(.text)
    TIM17_IRQHandler                         0x080003d7   Thumb Code     0  startup_stm32h723xx.o(.text)
    TIM1_BRK_IRQHandler                      0x080003d7   Thumb Code     0  startup_stm32h723xx.o(.text)
    TIM1_CC_IRQHandler                       0x080003d7   Thumb Code     0  startup_stm32h723xx.o(.text)
    TIM1_TRG_COM_IRQHandler                  0x080003d7   Thumb Code     0  startup_stm32h723xx.o(.text)
    TIM23_IRQHandler                         0x080003d7   Thumb Code     0  startup_stm32h723xx.o(.text)
    TIM24_IRQHandler                         0x080003d7   Thumb Code     0  startup_stm32h723xx.o(.text)
    TIM2_IRQHandler                          0x080003d7   Thumb Code     0  startup_stm32h723xx.o(.text)
    TIM3_IRQHandler                          0x080003d7   Thumb Code     0  startup_stm32h723xx.o(.text)
    TIM4_IRQHandler                          0x080003d7   Thumb Code     0  startup_stm32h723xx.o(.text)
    TIM5_IRQHandler                          0x080003d7   Thumb Code     0  startup_stm32h723xx.o(.text)
    TIM6_DAC_IRQHandler                      0x080003d7   Thumb Code     0  startup_stm32h723xx.o(.text)
    TIM7_IRQHandler                          0x080003d7   Thumb Code     0  startup_stm32h723xx.o(.text)
    TIM8_BRK_TIM12_IRQHandler                0x080003d7   Thumb Code     0  startup_stm32h723xx.o(.text)
    TIM8_CC_IRQHandler                       0x080003d7   Thumb Code     0  startup_stm32h723xx.o(.text)
    TIM8_TRG_COM_TIM14_IRQHandler            0x080003d7   Thumb Code     0  startup_stm32h723xx.o(.text)
    TIM8_UP_TIM13_IRQHandler                 0x080003d7   Thumb Code     0  startup_stm32h723xx.o(.text)
    UART4_IRQHandler                         0x080003d7   Thumb Code     0  startup_stm32h723xx.o(.text)
    UART5_IRQHandler                         0x080003d7   Thumb Code     0  startup_stm32h723xx.o(.text)
    UART7_IRQHandler                         0x080003d7   Thumb Code     0  startup_stm32h723xx.o(.text)
    UART8_IRQHandler                         0x080003d7   Thumb Code     0  startup_stm32h723xx.o(.text)
    UART9_IRQHandler                         0x080003d7   Thumb Code     0  startup_stm32h723xx.o(.text)
    USART10_IRQHandler                       0x080003d7   Thumb Code     0  startup_stm32h723xx.o(.text)
    USART2_IRQHandler                        0x080003d7   Thumb Code     0  startup_stm32h723xx.o(.text)
    USART3_IRQHandler                        0x080003d7   Thumb Code     0  startup_stm32h723xx.o(.text)
    USART6_IRQHandler                        0x080003d7   Thumb Code     0  startup_stm32h723xx.o(.text)
    WAKEUP_PIN_IRQHandler                    0x080003d7   Thumb Code     0  startup_stm32h723xx.o(.text)
    WWDG_IRQHandler                          0x080003d7   Thumb Code     0  startup_stm32h723xx.o(.text)
    __user_initial_stackheap                 0x080003d9   Thumb Code     0  startup_stm32h723xx.o(.text)
    __aeabi_uldivmod                         0x080003fd   Thumb Code     0  lludivv7m.o(.text)
    _ll_udiv                                 0x080003fd   Thumb Code   238  lludivv7m.o(.text)
    __2snprintf                              0x080004ed   Thumb Code    50  __2snprintf.o(.text)
    _printf_pre_padding                      0x08000525   Thumb Code    44  _printf_pad.o(.text)
    _printf_post_padding                     0x08000551   Thumb Code    34  _printf_pad.o(.text)
    _printf_str                              0x08000573   Thumb Code    82  _printf_str.o(.text)
    _printf_int_hex                          0x080005c5   Thumb Code    84  _printf_hex_int.o(.text)
    _printf_longlong_hex                     0x080005c5   Thumb Code     0  _printf_hex_int.o(.text)
    __printf                                 0x0800061d   Thumb Code   308  __printf_flags_wp.o(.text)
    __aeabi_memclr4                          0x08000755   Thumb Code     0  rt_memclr_w.o(.text)
    __aeabi_memclr8                          0x08000755   Thumb Code     0  rt_memclr_w.o(.text)
    __rt_memclr_w                            0x08000755   Thumb Code    78  rt_memclr_w.o(.text)
    _memset_w                                0x08000759   Thumb Code     0  rt_memclr_w.o(.text)
    __use_two_region_memory                  0x080007a3   Thumb Code     2  heapauxi.o(.text)
    __rt_heap_escrow$2region                 0x080007a5   Thumb Code     2  heapauxi.o(.text)
    __rt_heap_expand$2region                 0x080007a7   Thumb Code     2  heapauxi.o(.text)
    _printf_int_common                       0x080007a9   Thumb Code   178  _printf_intcommon.o(.text)
    _printf_char_common                      0x08000867   Thumb Code    32  _printf_char_common.o(.text)
    _sputc                                   0x0800088d   Thumb Code    10  _sputc.o(.text)
    _snputc                                  0x08000897   Thumb Code    16  _snputc.o(.text)
    _printf_cs_common                        0x080008a7   Thumb Code    20  _printf_char.o(.text)
    _printf_char                             0x080008bb   Thumb Code    16  _printf_char.o(.text)
    _printf_string                           0x080008cb   Thumb Code     8  _printf_char.o(.text)
    __user_setup_stackheap                   0x080008d3   Thumb Code    74  sys_stackheap_outer.o(.text)
    exit                                     0x0800091d   Thumb Code    18  exit.o(.text)
    __user_libspace                          0x08000931   Thumb Code     8  libspace.o(.text)
    __user_perproc_libspace                  0x08000931   Thumb Code     0  libspace.o(.text)
    __user_perthread_libspace                0x08000931   Thumb Code     0  libspace.o(.text)
    _sys_exit                                0x08000939   Thumb Code     8  sys_exit.o(.text)
    __I$use$semihosting                      0x08000945   Thumb Code     0  use_no_semi.o(.text)
    __use_no_semihosting_swi                 0x08000945   Thumb Code     2  use_no_semi.o(.text)
    __semihosting_library_function           0x08000947   Thumb Code     0  indicate_semi.o(.text)
    BusFault_Handler                         0x0800096d   Thumb Code     2  stm32h7xx_it.o(i.BusFault_Handler)
    DebugMon_Handler                         0x0800096f   Thumb Code     2  stm32h7xx_it.o(i.DebugMon_Handler)
    EXTI2_IRQHandler                         0x08000971   Thumb Code     6  stm32h7xx_it.o(i.EXTI2_IRQHandler)
    EXTI4_IRQHandler                         0x08000977   Thumb Code     6  stm32h7xx_it.o(i.EXTI4_IRQHandler)
    Error_Handler                            0x0800097d   Thumb Code     4  main.o(i.Error_Handler)
    HAL_DMA_Abort                            0x080009f1   Thumb Code   836  stm32h7xx_hal_dma.o(i.HAL_DMA_Abort)
    HAL_DMA_Abort_IT                         0x08000d51   Thumb Code   602  stm32h7xx_hal_dma.o(i.HAL_DMA_Abort_IT)
    HAL_GPIO_EXTI_Callback                   0x08000fd5   Thumb Code    24  main.o(i.HAL_GPIO_EXTI_Callback)
    HAL_GPIO_EXTI_IRQHandler                 0x08000ff1   Thumb Code    24  stm32h7xx_hal_gpio.o(i.HAL_GPIO_EXTI_IRQHandler)
    HAL_GPIO_Init                            0x08001009   Thumb Code   496  stm32h7xx_hal_gpio.o(i.HAL_GPIO_Init)
    HAL_GPIO_WritePin                        0x08001225   Thumb Code    10  stm32h7xx_hal_gpio.o(i.HAL_GPIO_WritePin)
    HAL_GetTick                              0x08001231   Thumb Code     6  stm32h7xx_hal.o(i.HAL_GetTick)
    HAL_IncTick                              0x0800123d   Thumb Code    12  stm32h7xx_hal.o(i.HAL_IncTick)
    HAL_Init                                 0x0800124d   Thumb Code    74  stm32h7xx_hal.o(i.HAL_Init)
    HAL_InitTick                             0x080012a9   Thumb Code    56  stm32h7xx_hal.o(i.HAL_InitTick)
    HAL_MPU_ConfigRegion                     0x080012e9   Thumb Code    86  stm32h7xx_hal_cortex.o(i.HAL_MPU_ConfigRegion)
    HAL_MPU_Disable                          0x08001345   Thumb Code    24  stm32h7xx_hal_cortex.o(i.HAL_MPU_Disable)
    HAL_MPU_Enable                           0x08001361   Thumb Code    30  stm32h7xx_hal_cortex.o(i.HAL_MPU_Enable)
    HAL_MspInit                              0x08001385   Thumb Code    22  stm32h7xx_hal_msp.o(i.HAL_MspInit)
    HAL_NVIC_EnableIRQ                       0x080013a1   Thumb Code    26  stm32h7xx_hal_cortex.o(i.HAL_NVIC_EnableIRQ)
    HAL_NVIC_SetPriority                     0x080013bd   Thumb Code    60  stm32h7xx_hal_cortex.o(i.HAL_NVIC_SetPriority)
    HAL_NVIC_SetPriorityGrouping             0x080013fd   Thumb Code    28  stm32h7xx_hal_cortex.o(i.HAL_NVIC_SetPriorityGrouping)
    HAL_PWREx_ConfigSupply                   0x08001421   Thumb Code    78  stm32h7xx_hal_pwr_ex.o(i.HAL_PWREx_ConfigSupply)
    HAL_RCCEx_GetD3PCLK1Freq                 0x08001475   Thumb Code    26  stm32h7xx_hal_rcc_ex.o(i.HAL_RCCEx_GetD3PCLK1Freq)
    HAL_RCCEx_GetPLL2ClockFreq               0x08001499   Thumb Code   296  stm32h7xx_hal_rcc_ex.o(i.HAL_RCCEx_GetPLL2ClockFreq)
    HAL_RCCEx_GetPLL3ClockFreq               0x080015dd   Thumb Code   296  stm32h7xx_hal_rcc_ex.o(i.HAL_RCCEx_GetPLL3ClockFreq)
    HAL_RCCEx_PeriphCLKConfig                0x08001721   Thumb Code  2362  stm32h7xx_hal_rcc_ex.o(i.HAL_RCCEx_PeriphCLKConfig)
    HAL_RCC_ClockConfig                      0x0800205d   Thumb Code   580  stm32h7xx_hal_rcc.o(i.HAL_RCC_ClockConfig)
    HAL_RCC_GetClockConfig                   0x080022b9   Thumb Code    84  stm32h7xx_hal_rcc.o(i.HAL_RCC_GetClockConfig)
    HAL_RCC_GetHCLKFreq                      0x08002315   Thumb Code    52  stm32h7xx_hal_rcc.o(i.HAL_RCC_GetHCLKFreq)
    HAL_RCC_GetPCLK1Freq                     0x08002359   Thumb Code    26  stm32h7xx_hal_rcc.o(i.HAL_RCC_GetPCLK1Freq)
    HAL_RCC_GetPCLK2Freq                     0x0800237d   Thumb Code    26  stm32h7xx_hal_rcc.o(i.HAL_RCC_GetPCLK2Freq)
    HAL_RCC_GetSysClockFreq                  0x080023a1   Thumb Code   278  stm32h7xx_hal_rcc.o(i.HAL_RCC_GetSysClockFreq)
    HAL_RCC_OscConfig                        0x080024d9   Thumb Code  1318  stm32h7xx_hal_rcc.o(i.HAL_RCC_OscConfig)
    HAL_SYSTICK_Config                       0x080029ff   Thumb Code    38  stm32h7xx_hal_cortex.o(i.HAL_SYSTICK_Config)
    HAL_TIMEx_Break2Callback                 0x08002a25   Thumb Code     2  stm32h7xx_hal_tim_ex.o(i.HAL_TIMEx_Break2Callback)
    HAL_TIMEx_BreakCallback                  0x08002a27   Thumb Code     2  stm32h7xx_hal_tim_ex.o(i.HAL_TIMEx_BreakCallback)
    HAL_TIMEx_CommutCallback                 0x08002a29   Thumb Code     2  stm32h7xx_hal_tim_ex.o(i.HAL_TIMEx_CommutCallback)
    HAL_TIMEx_ConfigBreakDeadTime            0x08002a2d   Thumb Code   150  stm32h7xx_hal_tim_ex.o(i.HAL_TIMEx_ConfigBreakDeadTime)
    HAL_TIMEx_MasterConfigSynchronization    0x08002acd   Thumb Code   146  stm32h7xx_hal_tim_ex.o(i.HAL_TIMEx_MasterConfigSynchronization)
    HAL_TIM_GenerateEvent                    0x08002b85   Thumb Code    40  stm32h7xx_hal_tim.o(i.HAL_TIM_GenerateEvent)
    HAL_TIM_IC_CaptureCallback               0x08002bad   Thumb Code     2  stm32h7xx_hal_tim.o(i.HAL_TIM_IC_CaptureCallback)
    HAL_TIM_IRQHandler                       0x08002baf   Thumb Code   328  stm32h7xx_hal_tim.o(i.HAL_TIM_IRQHandler)
    HAL_TIM_MspPostInit                      0x08002cf9   Thumb Code   260  tim.o(i.HAL_TIM_MspPostInit)
    HAL_TIM_OC_DelayElapsedCallback          0x08002e25   Thumb Code     2  stm32h7xx_hal_tim.o(i.HAL_TIM_OC_DelayElapsedCallback)
    HAL_TIM_PWM_ConfigChannel                0x08002e27   Thumb Code   292  stm32h7xx_hal_tim.o(i.HAL_TIM_PWM_ConfigChannel)
    HAL_TIM_PWM_Init                         0x08002f4b   Thumb Code    98  stm32h7xx_hal_tim.o(i.HAL_TIM_PWM_Init)
    HAL_TIM_PWM_MspInit                      0x08002fad   Thumb Code   136  tim.o(i.HAL_TIM_PWM_MspInit)
    HAL_TIM_PWM_PulseFinishedCallback        0x0800304d   Thumb Code     2  stm32h7xx_hal_tim.o(i.HAL_TIM_PWM_PulseFinishedCallback)
    HAL_TIM_PWM_Start                        0x08003051   Thumb Code   244  stm32h7xx_hal_tim.o(i.HAL_TIM_PWM_Start)
    HAL_TIM_PWM_Stop                         0x08003175   Thumb Code   154  stm32h7xx_hal_tim.o(i.HAL_TIM_PWM_Stop)
    HAL_TIM_PeriodElapsedCallback            0x08003225   Thumb Code    18  main.o(i.HAL_TIM_PeriodElapsedCallback)
    HAL_TIM_TriggerCallback                  0x08003241   Thumb Code     2  stm32h7xx_hal_tim.o(i.HAL_TIM_TriggerCallback)
    HAL_UARTEx_DisableFifoMode               0x08003243   Thumb Code    64  stm32h7xx_hal_uart_ex.o(i.HAL_UARTEx_DisableFifoMode)
    HAL_UARTEx_RxEventCallback               0x08003283   Thumb Code     2  stm32h7xx_hal_uart.o(i.HAL_UARTEx_RxEventCallback)
    HAL_UARTEx_RxFifoFullCallback            0x08003285   Thumb Code     2  stm32h7xx_hal_uart_ex.o(i.HAL_UARTEx_RxFifoFullCallback)
    HAL_UARTEx_SetRxFifoThreshold            0x08003287   Thumb Code    76  stm32h7xx_hal_uart_ex.o(i.HAL_UARTEx_SetRxFifoThreshold)
    HAL_UARTEx_SetTxFifoThreshold            0x080032d3   Thumb Code    76  stm32h7xx_hal_uart_ex.o(i.HAL_UARTEx_SetTxFifoThreshold)
    HAL_UARTEx_TxFifoEmptyCallback           0x0800331f   Thumb Code     2  stm32h7xx_hal_uart_ex.o(i.HAL_UARTEx_TxFifoEmptyCallback)
    HAL_UARTEx_WakeupCallback                0x08003321   Thumb Code     2  stm32h7xx_hal_uart_ex.o(i.HAL_UARTEx_WakeupCallback)
    HAL_UART_ErrorCallback                   0x08003325   Thumb Code    14  main.o(i.HAL_UART_ErrorCallback)
    HAL_UART_IRQHandler                      0x08003339   Thumb Code   878  stm32h7xx_hal_uart.o(i.HAL_UART_IRQHandler)
    HAL_UART_Init                            0x080036c1   Thumb Code   106  stm32h7xx_hal_uart.o(i.HAL_UART_Init)
    HAL_UART_MspInit                         0x0800372d   Thumb Code   138  usart.o(i.HAL_UART_MspInit)
    HAL_UART_Receive_IT                      0x080037c5   Thumb Code    66  stm32h7xx_hal_uart.o(i.HAL_UART_Receive_IT)
    HAL_UART_RxCpltCallback                  0x0800380d   Thumb Code    28  main.o(i.HAL_UART_RxCpltCallback)
    HAL_UART_Transmit                        0x08003831   Thumb Code   176  stm32h7xx_hal_uart.o(i.HAL_UART_Transmit)
    HAL_UART_TxCpltCallback                  0x080038e1   Thumb Code     2  stm32h7xx_hal_uart.o(i.HAL_UART_TxCpltCallback)
    HardFault_Handler                        0x080038e3   Thumb Code     2  stm32h7xx_it.o(i.HardFault_Handler)
    MX_GPIO_Init                             0x080038e5   Thumb Code   250  gpio.o(i.MX_GPIO_Init)
    MX_TIM1_Init                             0x080039f1   Thumb Code   182  tim.o(i.MX_TIM1_Init)
    MX_TIM2_Init                             0x08003ab1   Thumb Code   110  tim.o(i.MX_TIM2_Init)
    MX_TIM3_Init                             0x08003b25   Thumb Code   156  tim.o(i.MX_TIM3_Init)
    MX_TIM4_Init                             0x08003bc9   Thumb Code   108  tim.o(i.MX_TIM4_Init)
    MX_TIM8_Init                             0x08003c3d   Thumb Code   172  tim.o(i.MX_TIM8_Init)
    MX_USART1_UART_Init                      0x08003cf1   Thumb Code    94  usart.o(i.MX_USART1_UART_Init)
    MemManage_Handler                        0x08003e91   Thumb Code     2  stm32h7xx_it.o(i.MemManage_Handler)
    NMI_Handler                              0x08003e93   Thumb Code     2  stm32h7xx_it.o(i.NMI_Handler)
    PendSV_Handler                           0x08003e95   Thumb Code     2  stm32h7xx_it.o(i.PendSV_Handler)
    SVC_Handler                              0x080040d9   Thumb Code     2  stm32h7xx_it.o(i.SVC_Handler)
    SysTick_Handler                          0x08004709   Thumb Code     4  stm32h7xx_it.o(i.SysTick_Handler)
    SystemClock_Config                       0x0800470d   Thumb Code   146  main.o(i.SystemClock_Config)
    SystemInit                               0x080047a5   Thumb Code   158  system_stm32h7xx.o(i.SystemInit)
    TIM1_UP_IRQHandler                       0x08004865   Thumb Code     6  stm32h7xx_it.o(i.TIM1_UP_IRQHandler)
    TIM_Base_SetConfig                       0x08004871   Thumb Code   188  stm32h7xx_hal_tim.o(i.TIM_Base_SetConfig)
    TIM_CCxChannelCmd                        0x08004955   Thumb Code    26  stm32h7xx_hal_tim.o(i.TIM_CCxChannelCmd)
    TIM_OC2_SetConfig                        0x08004a15   Thumb Code   126  stm32h7xx_hal_tim.o(i.TIM_OC2_SetConfig)
    UART_AdvFeatureConfig                    0x08004ce9   Thumb Code   200  stm32h7xx_hal_uart.o(i.UART_AdvFeatureConfig)
    UART_CheckIdleState                      0x08004db1   Thumb Code   170  stm32h7xx_hal_uart.o(i.UART_CheckIdleState)
    UART_SetConfig                           0x08005395   Thumb Code   914  stm32h7xx_hal_uart.o(i.UART_SetConfig)
    UART_Start_Receive_IT                    0x08005771   Thumb Code   256  stm32h7xx_hal_uart.o(i.UART_Start_Receive_IT)
    UART_WaitOnFlagUntilTimeout              0x08005881   Thumb Code   148  stm32h7xx_hal_uart.o(i.UART_WaitOnFlagUntilTimeout)
    USART1_IRQHandler                        0x08005915   Thumb Code     6  stm32h7xx_it.o(i.USART1_IRQHandler)
    UsageFault_Handler                       0x08005a39   Thumb Code     2  stm32h7xx_it.o(i.UsageFault_Handler)
    _is_digit                                0x08005a5d   Thumb Code    14  __printf_wp.o(i._is_digit)
    main                                     0x08005a6d   Thumb Code   284  main.o(i.main)
    _fp_init                                 0x08005b9d   Thumb Code    10  fpinit.o(x$fpl$fpinit)
    __fplib_config_fpu_vfp                   0x08005ba5   Thumb Code     0  fpinit.o(x$fpl$fpinit)
    __fplib_config_pureend_doubles           0x08005ba5   Thumb Code     0  fpinit.o(x$fpl$fpinit)
    UARTPrescTable                           0x08005bb4   Data          24  stm32h7xx_hal_uart.o(.constdata)
    D1CorePrescTable                         0x08005bdc   Data          16  system_stm32h7xx.o(.constdata)
    Region$$Table$$Base                      0x08005c28   Number         0  anon$$obj.o(Region$$Table)
    Region$$Table$$Limit                     0x08005c58   Number         0  anon$$obj.o(Region$$Table)
    huart1                                   0x20000030   Data         148  usart.o(.bss)
    __libspace_start                         0x200000c4   Data          96  libspace.o(.bss)
    __temporary_stack_top$libspace           0x20000124   Data           0  libspace.o(.bss)
    uwTickFreq                               0x2400018c   Data           1  stm32h7xx_hal.o(.data)
    uwTickPrio                               0x24000190   Data           4  stm32h7xx_hal.o(.data)
    uwTick                                   0x24000194   Data           4  stm32h7xx_hal.o(.data)
    SystemCoreClock                          0x24000198   Data           4  system_stm32h7xx.o(.data)
    SystemD2Clock                            0x2400019c   Data           4  system_stm32h7xx.o(.data)
    htim1                                    0x240001a0   Data          76  tim.o(.bss)
    htim2                                    0x240001ec   Data          76  tim.o(.bss)
    htim3                                    0x24000238   Data          76  tim.o(.bss)
    htim4                                    0x24000284   Data          76  tim.o(.bss)
    htim8                                    0x240002d0   Data          76  tim.o(.bss)



==============================================================================

Memory Map of the image

  Image Entry point : 0x080002cd

  Load Region LR_IROM1 (Base: 0x08000000, Size: 0x00005df8, Max: 0x00100000, ABSOLUTE, COMPRESSED[0x00005cd8])

    Execution Region ER_IROM1 (Exec base: 0x08000000, Load base: 0x08000000, Size: 0x00005c58, Max: 0x00100000, ABSOLUTE)

    Exec Addr    Load Addr    Size         Type   Attr      Idx    E Section Name        Object

    0x08000000   0x08000000   0x000002cc   Data   RO            3    RESET               startup_stm32h723xx.o
    0x080002cc   0x080002cc   0x00000008   Code   RO         4677  * !!!main             c_w.l(__main.o)
    0x080002d4   0x080002d4   0x00000034   Code   RO         4861    !!!scatter          c_w.l(__scatter.o)
    0x08000308   0x08000308   0x0000005a   Code   RO         4859    !!dczerorl2         c_w.l(__dczerorl2.o)
    0x08000362   0x08000362   0x00000002   PAD
    0x08000364   0x08000364   0x0000001c   Code   RO         4863    !!handler_zi        c_w.l(__scatter_zi.o)
    0x08000380   0x08000380   0x00000000   Code   RO         4672    .ARM.Collect$$_printf_percent$$00000000  c_w.l(_printf_percent.o)
    0x08000380   0x08000380   0x00000006   Code   RO         4671    .ARM.Collect$$_printf_percent$$0000000C  c_w.l(_printf_x.o)
    0x08000386   0x08000386   0x00000006   Code   RO         4670    .ARM.Collect$$_printf_percent$$00000013  c_w.l(_printf_c.o)
    0x0800038c   0x0800038c   0x00000004   Code   RO         4694    .ARM.Collect$$_printf_percent$$00000017  c_w.l(_printf_percent_end.o)
    0x08000390   0x08000390   0x00000002   Code   RO         4727    .ARM.Collect$$libinit$$00000000  c_w.l(libinit.o)
    0x08000392   0x08000392   0x00000004   Code   RO         4739    .ARM.Collect$$libinit$$00000001  c_w.l(libinit2.o)
    0x08000396   0x08000396   0x00000000   Code   RO         4742    .ARM.Collect$$libinit$$00000004  c_w.l(libinit2.o)
    0x08000396   0x08000396   0x00000000   Code   RO         4745    .ARM.Collect$$libinit$$0000000A  c_w.l(libinit2.o)
    0x08000396   0x08000396   0x00000000   Code   RO         4747    .ARM.Collect$$libinit$$0000000C  c_w.l(libinit2.o)
    0x08000396   0x08000396   0x00000000   Code   RO         4749    .ARM.Collect$$libinit$$0000000E  c_w.l(libinit2.o)
    0x08000396   0x08000396   0x00000000   Code   RO         4752    .ARM.Collect$$libinit$$00000011  c_w.l(libinit2.o)
    0x08000396   0x08000396   0x00000000   Code   RO         4754    .ARM.Collect$$libinit$$00000013  c_w.l(libinit2.o)
    0x08000396   0x08000396   0x00000000   Code   RO         4756    .ARM.Collect$$libinit$$00000015  c_w.l(libinit2.o)
    0x08000396   0x08000396   0x00000000   Code   RO         4758    .ARM.Collect$$libinit$$00000017  c_w.l(libinit2.o)
    0x08000396   0x08000396   0x00000000   Code   RO         4760    .ARM.Collect$$libinit$$00000019  c_w.l(libinit2.o)
    0x08000396   0x08000396   0x00000000   Code   RO         4762    .ARM.Collect$$libinit$$0000001B  c_w.l(libinit2.o)
    0x08000396   0x08000396   0x00000000   Code   RO         4764    .ARM.Collect$$libinit$$0000001D  c_w.l(libinit2.o)
    0x08000396   0x08000396   0x00000000   Code   RO         4766    .ARM.Collect$$libinit$$0000001F  c_w.l(libinit2.o)
    0x08000396   0x08000396   0x00000000   Code   RO         4768    .ARM.Collect$$libinit$$00000021  c_w.l(libinit2.o)
    0x08000396   0x08000396   0x00000000   Code   RO         4770    .ARM.Collect$$libinit$$00000023  c_w.l(libinit2.o)
    0x08000396   0x08000396   0x00000000   Code   RO         4772    .ARM.Collect$$libinit$$00000025  c_w.l(libinit2.o)
    0x08000396   0x08000396   0x00000000   Code   RO         4776    .ARM.Collect$$libinit$$0000002C  c_w.l(libinit2.o)
    0x08000396   0x08000396   0x00000000   Code   RO         4778    .ARM.Collect$$libinit$$0000002E  c_w.l(libinit2.o)
    0x08000396   0x08000396   0x00000000   Code   RO         4780    .ARM.Collect$$libinit$$00000030  c_w.l(libinit2.o)
    0x08000396   0x08000396   0x00000000   Code   RO         4782    .ARM.Collect$$libinit$$00000032  c_w.l(libinit2.o)
    0x08000396   0x08000396   0x00000002   Code   RO         4783    .ARM.Collect$$libinit$$00000033  c_w.l(libinit2.o)
    0x08000398   0x08000398   0x00000002   Code   RO         4814    .ARM.Collect$$libshutdown$$00000000  c_w.l(libshutdown.o)
    0x0800039a   0x0800039a   0x00000000   Code   RO         4840    .ARM.Collect$$libshutdown$$00000002  c_w.l(libshutdown2.o)
    0x0800039a   0x0800039a   0x00000000   Code   RO         4842    .ARM.Collect$$libshutdown$$00000004  c_w.l(libshutdown2.o)
    0x0800039a   0x0800039a   0x00000000   Code   RO         4844    .ARM.Collect$$libshutdown$$00000006  c_w.l(libshutdown2.o)
    0x0800039a   0x0800039a   0x00000000   Code   RO         4847    .ARM.Collect$$libshutdown$$00000009  c_w.l(libshutdown2.o)
    0x0800039a   0x0800039a   0x00000000   Code   RO         4850    .ARM.Collect$$libshutdown$$0000000C  c_w.l(libshutdown2.o)
    0x0800039a   0x0800039a   0x00000000   Code   RO         4852    .ARM.Collect$$libshutdown$$0000000E  c_w.l(libshutdown2.o)
    0x0800039a   0x0800039a   0x00000000   Code   RO         4855    .ARM.Collect$$libshutdown$$00000011  c_w.l(libshutdown2.o)
    0x0800039a   0x0800039a   0x00000002   Code   RO         4856    .ARM.Collect$$libshutdown$$00000012  c_w.l(libshutdown2.o)
    0x0800039c   0x0800039c   0x00000000   Code   RO         4679    .ARM.Collect$$rtentry$$00000000  c_w.l(__rtentry.o)
    0x0800039c   0x0800039c   0x00000000   Code   RO         4696    .ARM.Collect$$rtentry$$00000002  c_w.l(__rtentry2.o)
    0x0800039c   0x0800039c   0x00000006   Code   RO         4708    .ARM.Collect$$rtentry$$00000004  c_w.l(__rtentry4.o)
    0x080003a2   0x080003a2   0x00000000   Code   RO         4698    .ARM.Collect$$rtentry$$00000009  c_w.l(__rtentry2.o)
    0x080003a2   0x080003a2   0x00000004   Code   RO         4699    .ARM.Collect$$rtentry$$0000000A  c_w.l(__rtentry2.o)
    0x080003a6   0x080003a6   0x00000000   Code   RO         4701    .ARM.Collect$$rtentry$$0000000C  c_w.l(__rtentry2.o)
    0x080003a6   0x080003a6   0x00000008   Code   RO         4702    .ARM.Collect$$rtentry$$0000000D  c_w.l(__rtentry2.o)
    0x080003ae   0x080003ae   0x00000002   Code   RO         4731    .ARM.Collect$$rtexit$$00000000  c_w.l(rtexit.o)
    0x080003b0   0x080003b0   0x00000000   Code   RO         4787    .ARM.Collect$$rtexit$$00000002  c_w.l(rtexit2.o)
    0x080003b0   0x080003b0   0x00000004   Code   RO         4788    .ARM.Collect$$rtexit$$00000003  c_w.l(rtexit2.o)
    0x080003b4   0x080003b4   0x00000006   Code   RO         4789    .ARM.Collect$$rtexit$$00000004  c_w.l(rtexit2.o)
    0x080003ba   0x080003ba   0x00000002   PAD
    0x080003bc   0x080003bc   0x00000040   Code   RO            4    .text               startup_stm32h723xx.o
    0x080003fc   0x080003fc   0x000000ee   Code   RO         4617    .text               c_w.l(lludivv7m.o)
    0x080004ea   0x080004ea   0x00000002   PAD
    0x080004ec   0x080004ec   0x00000038   Code   RO         4619    .text               c_w.l(__2snprintf.o)
    0x08000524   0x08000524   0x0000004e   Code   RO         4625    .text               c_w.l(_printf_pad.o)
    0x08000572   0x08000572   0x00000052   Code   RO         4627    .text               c_w.l(_printf_str.o)
    0x080005c4   0x080005c4   0x00000058   Code   RO         4632    .text               c_w.l(_printf_hex_int.o)
    0x0800061c   0x0800061c   0x00000138   Code   RO         4662    .text               c_w.l(__printf_flags_wp.o)
    0x08000754   0x08000754   0x0000004e   Code   RO         4673    .text               c_w.l(rt_memclr_w.o)
    0x080007a2   0x080007a2   0x00000006   Code   RO         4675    .text               c_w.l(heapauxi.o)
    0x080007a8   0x080007a8   0x000000b2   Code   RO         4684    .text               c_w.l(_printf_intcommon.o)
    0x0800085a   0x0800085a   0x00000002   PAD
    0x0800085c   0x0800085c   0x00000030   Code   RO         4686    .text               c_w.l(_printf_char_common.o)
    0x0800088c   0x0800088c   0x0000000a   Code   RO         4688    .text               c_w.l(_sputc.o)
    0x08000896   0x08000896   0x00000010   Code   RO         4690    .text               c_w.l(_snputc.o)
    0x080008a6   0x080008a6   0x0000002c   Code   RO         4692    .text               c_w.l(_printf_char.o)
    0x080008d2   0x080008d2   0x0000004a   Code   RO         4714    .text               c_w.l(sys_stackheap_outer.o)
    0x0800091c   0x0800091c   0x00000012   Code   RO         4716    .text               c_w.l(exit.o)
    0x0800092e   0x0800092e   0x00000002   PAD
    0x08000930   0x08000930   0x00000008   Code   RO         4728    .text               c_w.l(libspace.o)
    0x08000938   0x08000938   0x0000000c   Code   RO         4784    .text               c_w.l(sys_exit.o)
    0x08000944   0x08000944   0x00000002   Code   RO         4803    .text               c_w.l(use_no_semi.o)
    0x08000946   0x08000946   0x00000000   Code   RO         4805    .text               c_w.l(indicate_semi.o)
    0x08000946   0x08000946   0x00000002   PAD
    0x08000948   0x08000948   0x00000024   Code   RO           13    i.BeltDrive_StartUartReceive  main.o
    0x0800096c   0x0800096c   0x00000002   Code   RO          486    i.BusFault_Handler  stm32h7xx_it.o
    0x0800096e   0x0800096e   0x00000002   Code   RO          487    i.DebugMon_Handler  stm32h7xx_it.o
    0x08000970   0x08000970   0x00000006   Code   RO          488    i.EXTI2_IRQHandler  stm32h7xx_it.o
    0x08000976   0x08000976   0x00000006   Code   RO          489    i.EXTI4_IRQHandler  stm32h7xx_it.o
    0x0800097c   0x0800097c   0x00000004   Code   RO           14    i.Error_Handler     main.o
    0x08000980   0x08000980   0x0000001e   Code   RO           15    i.FrictionMotor_InitStopped  main.o
    0x0800099e   0x0800099e   0x00000050   Code   RO           16    i.FrictionMotor_StopOutput  main.o
    0x080009ee   0x080009ee   0x00000002   PAD
    0x080009f0   0x080009f0   0x00000360   Code   RO         1388    i.HAL_DMA_Abort     stm32h7xx_hal_dma.o
    0x08000d50   0x08000d50   0x00000284   Code   RO         1389    i.HAL_DMA_Abort_IT  stm32h7xx_hal_dma.o
    0x08000fd4   0x08000fd4   0x0000001c   Code   RO           17    i.HAL_GPIO_EXTI_Callback  main.o
    0x08000ff0   0x08000ff0   0x00000018   Code   RO         1235    i.HAL_GPIO_EXTI_IRQHandler  stm32h7xx_hal_gpio.o
    0x08001008   0x08001008   0x0000021c   Code   RO         1236    i.HAL_GPIO_Init     stm32h7xx_hal_gpio.o
    0x08001224   0x08001224   0x0000000a   Code   RO         1240    i.HAL_GPIO_WritePin  stm32h7xx_hal_gpio.o
    0x0800122e   0x0800122e   0x00000002   PAD
    0x08001230   0x08001230   0x0000000c   Code   RO         2101    i.HAL_GetTick       stm32h7xx_hal.o
    0x0800123c   0x0800123c   0x00000010   Code   RO         2107    i.HAL_IncTick       stm32h7xx_hal.o
    0x0800124c   0x0800124c   0x0000005c   Code   RO         2108    i.HAL_Init          stm32h7xx_hal.o
    0x080012a8   0x080012a8   0x00000040   Code   RO         2109    i.HAL_InitTick      stm32h7xx_hal.o
    0x080012e8   0x080012e8   0x0000005c   Code   RO          611    i.HAL_MPU_ConfigRegion  stm32h7xx_hal_cortex.o
    0x08001344   0x08001344   0x0000001c   Code   RO          612    i.HAL_MPU_Disable   stm32h7xx_hal_cortex.o
    0x08001360   0x08001360   0x00000024   Code   RO          614    i.HAL_MPU_Enable    stm32h7xx_hal_cortex.o
    0x08001384   0x08001384   0x0000001c   Code   RO          586    i.HAL_MspInit       stm32h7xx_hal_msp.o
    0x080013a0   0x080013a0   0x0000001a   Code   RO          618    i.HAL_NVIC_EnableIRQ  stm32h7xx_hal_cortex.o
    0x080013ba   0x080013ba   0x00000002   PAD
    0x080013bc   0x080013bc   0x00000040   Code   RO          624    i.HAL_NVIC_SetPriority  stm32h7xx_hal_cortex.o
    0x080013fc   0x080013fc   0x00000024   Code   RO          625    i.HAL_NVIC_SetPriorityGrouping  stm32h7xx_hal_cortex.o
    0x08001420   0x08001420   0x00000054   Code   RO         1837    i.HAL_PWREx_ConfigSupply  stm32h7xx_hal_pwr_ex.o
    0x08001474   0x08001474   0x00000024   Code   RO          879    i.HAL_RCCEx_GetD3PCLK1Freq  stm32h7xx_hal_rcc_ex.o
    0x08001498   0x08001498   0x00000144   Code   RO          881    i.HAL_RCCEx_GetPLL2ClockFreq  stm32h7xx_hal_rcc_ex.o
    0x080015dc   0x080015dc   0x00000144   Code   RO          882    i.HAL_RCCEx_GetPLL3ClockFreq  stm32h7xx_hal_rcc_ex.o
    0x08001720   0x08001720   0x0000093a   Code   RO          888    i.HAL_RCCEx_PeriphCLKConfig  stm32h7xx_hal_rcc_ex.o
    0x0800205a   0x0800205a   0x00000002   PAD
    0x0800205c   0x0800205c   0x0000025c   Code   RO          764    i.HAL_RCC_ClockConfig  stm32h7xx_hal_rcc.o
    0x080022b8   0x080022b8   0x0000005c   Code   RO          768    i.HAL_RCC_GetClockConfig  stm32h7xx_hal_rcc.o
    0x08002314   0x08002314   0x00000044   Code   RO          769    i.HAL_RCC_GetHCLKFreq  stm32h7xx_hal_rcc.o
    0x08002358   0x08002358   0x00000024   Code   RO          771    i.HAL_RCC_GetPCLK1Freq  stm32h7xx_hal_rcc.o
    0x0800237c   0x0800237c   0x00000024   Code   RO          772    i.HAL_RCC_GetPCLK2Freq  stm32h7xx_hal_rcc.o
    0x080023a0   0x080023a0   0x00000138   Code   RO          773    i.HAL_RCC_GetSysClockFreq  stm32h7xx_hal_rcc.o
    0x080024d8   0x080024d8   0x00000526   Code   RO          776    i.HAL_RCC_OscConfig  stm32h7xx_hal_rcc.o
    0x080029fe   0x080029fe   0x00000026   Code   RO          629    i.HAL_SYSTICK_Config  stm32h7xx_hal_cortex.o
    0x08002a24   0x08002a24   0x00000002   Code   RO         3740    i.HAL_TIMEx_Break2Callback  stm32h7xx_hal_tim_ex.o
    0x08002a26   0x08002a26   0x00000002   Code   RO         3741    i.HAL_TIMEx_BreakCallback  stm32h7xx_hal_tim_ex.o
    0x08002a28   0x08002a28   0x00000002   Code   RO         3742    i.HAL_TIMEx_CommutCallback  stm32h7xx_hal_tim_ex.o
    0x08002a2a   0x08002a2a   0x00000002   PAD
    0x08002a2c   0x08002a2c   0x000000a0   Code   RO         3744    i.HAL_TIMEx_ConfigBreakDeadTime  stm32h7xx_hal_tim_ex.o
    0x08002acc   0x08002acc   0x000000b8   Code   RO         3763    i.HAL_TIMEx_MasterConfigSynchronization  stm32h7xx_hal_tim_ex.o
    0x08002b84   0x08002b84   0x00000028   Code   RO         3057    i.HAL_TIM_GenerateEvent  stm32h7xx_hal_tim.o
    0x08002bac   0x08002bac   0x00000002   Code   RO         3060    i.HAL_TIM_IC_CaptureCallback  stm32h7xx_hal_tim.o
    0x08002bae   0x08002bae   0x00000148   Code   RO         3074    i.HAL_TIM_IRQHandler  stm32h7xx_hal_tim.o
    0x08002cf6   0x08002cf6   0x00000002   PAD
    0x08002cf8   0x08002cf8   0x0000012c   Code   RO          372    i.HAL_TIM_MspPostInit  tim.o
    0x08002e24   0x08002e24   0x00000002   Code   RO         3077    i.HAL_TIM_OC_DelayElapsedCallback  stm32h7xx_hal_tim.o
    0x08002e26   0x08002e26   0x00000124   Code   RO         3098    i.HAL_TIM_PWM_ConfigChannel  stm32h7xx_hal_tim.o
    0x08002f4a   0x08002f4a   0x00000062   Code   RO         3101    i.HAL_TIM_PWM_Init  stm32h7xx_hal_tim.o
    0x08002fac   0x08002fac   0x000000a0   Code   RO          374    i.HAL_TIM_PWM_MspInit  tim.o
    0x0800304c   0x0800304c   0x00000002   Code   RO         3104    i.HAL_TIM_PWM_PulseFinishedCallback  stm32h7xx_hal_tim.o
    0x0800304e   0x0800304e   0x00000002   PAD
    0x08003050   0x08003050   0x00000124   Code   RO         3106    i.HAL_TIM_PWM_Start  stm32h7xx_hal_tim.o
    0x08003174   0x08003174   0x000000b0   Code   RO         3109    i.HAL_TIM_PWM_Stop  stm32h7xx_hal_tim.o
    0x08003224   0x08003224   0x0000001c   Code   RO           18    i.HAL_TIM_PeriodElapsedCallback  main.o
    0x08003240   0x08003240   0x00000002   Code   RO         3117    i.HAL_TIM_TriggerCallback  stm32h7xx_hal_tim.o
    0x08003242   0x08003242   0x00000040   Code   RO         4463    i.HAL_UARTEx_DisableFifoMode  stm32h7xx_hal_uart_ex.o
    0x08003282   0x08003282   0x00000002   Code   RO         4052    i.HAL_UARTEx_RxEventCallback  stm32h7xx_hal_uart.o
    0x08003284   0x08003284   0x00000002   Code   RO         4471    i.HAL_UARTEx_RxFifoFullCallback  stm32h7xx_hal_uart_ex.o
    0x08003286   0x08003286   0x0000004c   Code   RO         4472    i.HAL_UARTEx_SetRxFifoThreshold  stm32h7xx_hal_uart_ex.o
    0x080032d2   0x080032d2   0x0000004c   Code   RO         4473    i.HAL_UARTEx_SetTxFifoThreshold  stm32h7xx_hal_uart_ex.o
    0x0800331e   0x0800331e   0x00000002   Code   RO         4475    i.HAL_UARTEx_TxFifoEmptyCallback  stm32h7xx_hal_uart_ex.o
    0x08003320   0x08003320   0x00000002   Code   RO         4476    i.HAL_UARTEx_WakeupCallback  stm32h7xx_hal_uart_ex.o
    0x08003322   0x08003322   0x00000002   PAD
    0x08003324   0x08003324   0x00000014   Code   RO           19    i.HAL_UART_ErrorCallback  main.o
    0x08003338   0x08003338   0x00000388   Code   RO         4071    i.HAL_UART_IRQHandler  stm32h7xx_hal_uart.o
    0x080036c0   0x080036c0   0x0000006a   Code   RO         4072    i.HAL_UART_Init     stm32h7xx_hal_uart.o
    0x0800372a   0x0800372a   0x00000002   PAD
    0x0800372c   0x0800372c   0x00000098   Code   RO          445    i.HAL_UART_MspInit  usart.o
    0x080037c4   0x080037c4   0x00000048   Code   RO         4077    i.HAL_UART_Receive_IT  stm32h7xx_hal_uart.o
    0x0800380c   0x0800380c   0x00000024   Code   RO           20    i.HAL_UART_RxCpltCallback  main.o
    0x08003830   0x08003830   0x000000b0   Code   RO         4081    i.HAL_UART_Transmit  stm32h7xx_hal_uart.o
    0x080038e0   0x080038e0   0x00000002   Code   RO         4084    i.HAL_UART_TxCpltCallback  stm32h7xx_hal_uart.o
    0x080038e2   0x080038e2   0x00000002   Code   RO          490    i.HardFault_Handler  stm32h7xx_it.o
    0x080038e4   0x080038e4   0x0000010c   Code   RO          330    i.MX_GPIO_Init      gpio.o
    0x080039f0   0x080039f0   0x000000c0   Code   RO          375    i.MX_TIM1_Init      tim.o
    0x08003ab0   0x08003ab0   0x00000074   Code   RO          376    i.MX_TIM2_Init      tim.o
    0x08003b24   0x08003b24   0x000000a4   Code   RO          377    i.MX_TIM3_Init      tim.o
    0x08003bc8   0x08003bc8   0x00000074   Code   RO          378    i.MX_TIM4_Init      tim.o
    0x08003c3c   0x08003c3c   0x000000b4   Code   RO          379    i.MX_TIM8_Init      tim.o
    0x08003cf0   0x08003cf0   0x00000068   Code   RO          446    i.MX_USART1_UART_Init  usart.o
    0x08003d58   0x08003d58   0x0000001c   Code   RO           21    i.Mecanum_GetPwmCompareFromDuty  main.o
    0x08003d74   0x08003d74   0x0000011c   Code   RO           22    i.Mecanum_SetWheelOutput  main.o
    0x08003e90   0x08003e90   0x00000002   Code   RO          491    i.MemManage_Handler  stm32h7xx_it.o
    0x08003e92   0x08003e92   0x00000002   Code   RO          492    i.NMI_Handler       stm32h7xx_it.o
    0x08003e94   0x08003e94   0x00000002   Code   RO          493    i.PendSV_Handler    stm32h7xx_it.o
    0x08003e96   0x08003e96   0x00000002   PAD
    0x08003e98   0x08003e98   0x00000120   Code   RO          891    i.RCCEx_PLL2_Config  stm32h7xx_hal_rcc_ex.o
    0x08003fb8   0x08003fb8   0x00000120   Code   RO          892    i.RCCEx_PLL3_Config  stm32h7xx_hal_rcc_ex.o
    0x080040d8   0x080040d8   0x00000002   Code   RO          494    i.SVC_Handler       stm32h7xx_it.o
    0x080040da   0x080040da   0x00000014   Code   RO           23    i.Servo_ClampAngleDeg  main.o
    0x080040ee   0x080040ee   0x00000086   Code   RO           24    i.Servo_SetAngleDegrees  main.o
    0x08004174   0x08004174   0x0000002c   Code   RO           25    i.StepperDebug_AllAxesStopped  main.o
    0x080041a0   0x080041a0   0x0000004c   Code   RO           26    i.StepperDebug_CommandAxis  main.o
    0x080041ec   0x080041ec   0x0000001c   Code   RO           27    i.StepperDebug_DelayUs  main.o
    0x08004208   0x08004208   0x00000018   Code   RO           28    i.StepperDebug_EnterManualMode  main.o
    0x08004220   0x08004220   0x00000018   Code   RO           29    i.StepperDebug_ForceTim1ChannelLow  main.o
    0x08004238   0x08004238   0x0000014c   Code   RO           30    i.StepperDebug_Init  main.o
    0x08004384   0x08004384   0x00000078   Code   RO           31    i.StepperDebug_ServiceSoftwareAxis  main.o
    0x080043fc   0x080043fc   0x000000c4   Code   RO           32    i.StepperDebug_ServiceTim1Axes  main.o
    0x080044c0   0x080044c0   0x00000016   Code   RO           33    i.StepperDebug_SetAxisDirection  main.o
    0x080044d6   0x080044d6   0x00000002   PAD
    0x080044d8   0x080044d8   0x00000064   Code   RO           34    i.StepperDebug_SetTargetsToCurrentPhase  main.o
    0x0800453c   0x0800453c   0x00000030   Code   RO           35    i.StepperDebug_StartTim1Axis  main.o
    0x0800456c   0x0800456c   0x000000d0   Code   RO           36    i.StepperDebug_UpdateAxisSpeeds  main.o
    0x0800463c   0x0800463c   0x0000005c   Code   RO           37    i.StepperDebug_UpdatePhase  main.o
    0x08004698   0x08004698   0x00000070   Code   RO           38    i.Stepper_ProcessUartCommand  main.o
    0x08004708   0x08004708   0x00000004   Code   RO          495    i.SysTick_Handler   stm32h7xx_it.o
    0x0800470c   0x0800470c   0x00000098   Code   RO           39    i.SystemClock_Config  main.o
    0x080047a4   0x080047a4   0x000000c0   Code   RO         4582    i.SystemInit        system_stm32h7xx.o
    0x08004864   0x08004864   0x0000000c   Code   RO          496    i.TIM1_UP_IRQHandler  stm32h7xx_it.o
    0x08004870   0x08004870   0x000000e4   Code   RO         3119    i.TIM_Base_SetConfig  stm32h7xx_hal_tim.o
    0x08004954   0x08004954   0x0000001a   Code   RO         3120    i.TIM_CCxChannelCmd  stm32h7xx_hal_tim.o
    0x0800496e   0x0800496e   0x00000002   PAD
    0x08004970   0x08004970   0x000000a4   Code   RO         3132    i.TIM_OC1_SetConfig  stm32h7xx_hal_tim.o
    0x08004a14   0x08004a14   0x00000098   Code   RO         3133    i.TIM_OC2_SetConfig  stm32h7xx_hal_tim.o
    0x08004aac   0x08004aac   0x00000098   Code   RO         3134    i.TIM_OC3_SetConfig  stm32h7xx_hal_tim.o
    0x08004b44   0x08004b44   0x00000078   Code   RO         3135    i.TIM_OC4_SetConfig  stm32h7xx_hal_tim.o
    0x08004bbc   0x08004bbc   0x00000074   Code   RO         3136    i.TIM_OC5_SetConfig  stm32h7xx_hal_tim.o
    0x08004c30   0x08004c30   0x00000074   Code   RO         3137    i.TIM_OC6_SetConfig  stm32h7xx_hal_tim.o
    0x08004ca4   0x08004ca4   0x00000044   Code   RO         4477    i.UARTEx_SetNbDataToProcess  stm32h7xx_hal_uart_ex.o
    0x08004ce8   0x08004ce8   0x000000c8   Code   RO         4086    i.UART_AdvFeatureConfig  stm32h7xx_hal_uart.o
    0x08004db0   0x08004db0   0x000000aa   Code   RO         4087    i.UART_CheckIdleState  stm32h7xx_hal_uart.o
    0x08004e5a   0x08004e5a   0x00000014   Code   RO         4088    i.UART_DMAAbortOnError  stm32h7xx_hal_uart.o
    0x08004e6e   0x08004e6e   0x00000002   PAD
    0x08004e70   0x08004e70   0x00000054   Code   RO         4098    i.UART_EndRxTransfer  stm32h7xx_hal_uart.o
    0x08004ec4   0x08004ec4   0x000000c8   Code   RO         4100    i.UART_RxISR_16BIT  stm32h7xx_hal_uart.o
    0x08004f8c   0x08004f8c   0x000001a0   Code   RO         4101    i.UART_RxISR_16BIT_FIFOEN  stm32h7xx_hal_uart.o
    0x0800512c   0x0800512c   0x000000c8   Code   RO         4102    i.UART_RxISR_8BIT   stm32h7xx_hal_uart.o
    0x080051f4   0x080051f4   0x000001a0   Code   RO         4103    i.UART_RxISR_8BIT_FIFOEN  stm32h7xx_hal_uart.o
    0x08005394   0x08005394   0x000003dc   Code   RO         4104    i.UART_SetConfig    stm32h7xx_hal_uart.o
    0x08005770   0x08005770   0x00000110   Code   RO         4106    i.UART_Start_Receive_IT  stm32h7xx_hal_uart.o
    0x08005880   0x08005880   0x00000094   Code   RO         4111    i.UART_WaitOnFlagUntilTimeout  stm32h7xx_hal_uart.o
    0x08005914   0x08005914   0x0000000c   Code   RO          497    i.USART1_IRQHandler  stm32h7xx_it.o
    0x08005920   0x08005920   0x00000048   Code   RO           40    i.Uart1_EnqueueRxByte  main.o
    0x08005968   0x08005968   0x00000068   Code   RO           41    i.Uart1_ProcessPendingRxCommands  main.o
    0x080059d0   0x080059d0   0x00000068   Code   RO           42    i.Uart1_SendPendingAck  main.o
    0x08005a38   0x08005a38   0x00000002   Code   RO          498    i.UsageFault_Handler  stm32h7xx_it.o
    0x08005a3a   0x08005a3a   0x00000022   Code   RO          631    i.__NVIC_SetPriority  stm32h7xx_hal_cortex.o
    0x08005a5c   0x08005a5c   0x0000000e   Code   RO         4660    i._is_digit         c_w.l(__printf_wp.o)
    0x08005a6a   0x08005a6a   0x00000002   PAD
    0x08005a6c   0x08005a6c   0x00000130   Code   RO           43    i.main              main.o
    0x08005b9c   0x08005b9c   0x0000000a   Code   RO         4799    x$fpl$fpinit        fz_wv.l(fpinit.o)
    0x08005ba6   0x08005ba6   0x00000002   PAD
    0x08005ba8   0x08005ba8   0x0000000c   Data   RO           45    .constdata          main.o
    0x08005bb4   0x08005bb4   0x00000018   Data   RO         4112    .constdata          stm32h7xx_hal_uart.o
    0x08005bcc   0x08005bcc   0x00000010   Data   RO         4478    .constdata          stm32h7xx_hal_uart_ex.o
    0x08005bdc   0x08005bdc   0x00000010   Data   RO         4583    .constdata          system_stm32h7xx.o
    0x08005bec   0x08005bec   0x00000028   Data   RO         4633    .constdata          c_w.l(_printf_hex_int.o)
    0x08005c14   0x08005c14   0x00000011   Data   RO         4663    .constdata          c_w.l(__printf_flags_wp.o)
    0x08005c25   0x08005c25   0x00000003   PAD
    0x08005c28   0x08005c28   0x00000030   Data   RO         4857    Region$$Table       anon$$obj.o


    Execution Region RW_IRAM1 (Exec base: 0x20000000, Load base: 0x08005c58, Size: 0x00000528, Max: 0x00020000, ABSOLUTE)

    Exec Addr    Load Addr    Size         Type   Attr      Idx    E Section Name        Object

    0x20000000        -       0x00000030   Zero   RW           44    .bss                main.o
    0x20000030        -       0x00000094   Zero   RW          447    .bss                usart.o
    0x200000c4        -       0x00000060   Zero   RW         4729    .bss                c_w.l(libspace.o)
    0x20000124   0x08005c58   0x00000004   PAD
    0x20000128        -       0x00000400   Zero   RW            1    STACK               startup_stm32h723xx.o


    Execution Region RW_IRAM2 (Exec base: 0x24000000, Load base: 0x08005c58, Size: 0x00000520, Max: 0x00020000, ABSOLUTE, COMPRESSED[0x00000080])

    Exec Addr    Load Addr    Size         Type   Attr      Idx    E Section Name        Object

    0x24000000   COMPRESSED   0x0000018c   Data   RW           46    .data               main.o
    0x2400018c   COMPRESSED   0x0000000c   Data   RW         2132    .data               stm32h7xx_hal.o
    0x24000198   COMPRESSED   0x00000008   Data   RW         4584    .data               system_stm32h7xx.o
    0x240001a0        -       0x0000017c   Zero   RW          380    .bss                tim.o
    0x2400031c   COMPRESSED   0x00000004   PAD
    0x24000320        -       0x00000200   Zero   RW            2    HEAP                startup_stm32h723xx.o


==============================================================================

Image component sizes


      Code (inc. data)   RO Data    RW Data    ZI Data      Debug   Object Name

       268         18          0          0          0       1199   gpio.o
      2890        274         12        396         48    1212124   main.o
        64         26        716          0       1536        864   startup_stm32h723xx.o
       184         36          0         12          0      23209   stm32h7xx_hal.o
       354         28          0          0          0      42097   stm32h7xx_hal_cortex.o
      1508         70          0          0          0       4079   stm32h7xx_hal_dma.o
       574         44          0          0          0       3031   stm32h7xx_hal_gpio.o
        28          6          0          0          0        982   stm32h7xx_hal_msp.o
        84          6          0          0          0        813   stm32h7xx_hal_pwr_ex.o
      2466        110          0          0          0       8021   stm32h7xx_hal_rcc.o
      3622        112          0          0          0       7965   stm32h7xx_hal_rcc_ex.o
      2308        262          0          0          0      15531   stm32h7xx_hal_tim.o
       350         48          0          0          0       4308   stm32h7xx_hal_tim_ex.o
      4376        202         24          0          0      37553   stm32h7xx_hal_uart.o
       290          6         16          0          0       5706   stm32h7xx_hal_uart_ex.o
        56         12          0          0          0       6325   stm32h7xx_it.o
       192         34         16          8          0       1558   system_stm32h7xx.o
      1228        104          0          0        380       6075   tim.o
       256         24          0          0        148       2034   usart.o

    ----------------------------------------------------------------------
     21124       1422        832        416       2116    1383474   Object Totals
         0          0         48          0          0          0   (incl. Generated)
        26          0          0          0          4          0   (incl. Padding)

    ----------------------------------------------------------------------

      Code (inc. data)   RO Data    RW Data    ZI Data      Debug   Library Member Name

        56          6          0          0          0         88   __2snprintf.o
        90          0          0          0          0          0   __dczerorl2.o
         8          0          0          0          0         68   __main.o
       312          4         17          0          0         92   __printf_flags_wp.o
        14          0          0          0          0         68   __printf_wp.o
         0          0          0          0          0          0   __rtentry.o
        12          0          0          0          0          0   __rtentry2.o
         6          0          0          0          0          0   __rtentry4.o
        52          8          0          0          0          0   __scatter.o
        28          0          0          0          0          0   __scatter_zi.o
         6          0          0          0          0          0   _printf_c.o
        44          0          0          0          0        108   _printf_char.o
        48          6          0          0          0         96   _printf_char_common.o
        88          4         40          0          0         88   _printf_hex_int.o
       178          0          0          0          0         88   _printf_intcommon.o
        78          0          0          0          0        108   _printf_pad.o
         0          0          0          0          0          0   _printf_percent.o
         4          0          0          0          0          0   _printf_percent_end.o
        82          0          0          0          0         80   _printf_str.o
         6          0          0          0          0          0   _printf_x.o
        16          0          0          0          0         68   _snputc.o
        10          0          0          0          0         68   _sputc.o
        18          0          0          0          0         80   exit.o
         6          0          0          0          0        152   heapauxi.o
         0          0          0          0          0          0   indicate_semi.o
         2          0          0          0          0          0   libinit.o
         6          0          0          0          0          0   libinit2.o
         2          0          0          0          0          0   libshutdown.o
         2          0          0          0          0          0   libshutdown2.o
         8          4          0          0         96         68   libspace.o
       238          0          0          0          0        100   lludivv7m.o
        78          0          0          0          0         80   rt_memclr_w.o
         2          0          0          0          0          0   rtexit.o
        10          0          0          0          0          0   rtexit2.o
        12          4          0          0          0         68   sys_exit.o
        74          0          0          0          0         80   sys_stackheap_outer.o
         2          0          0          0          0         68   use_no_semi.o
        10          0          0          0          0        116   fpinit.o

    ----------------------------------------------------------------------
      1624         36         60          0        100       1832   Library Totals
        16          0          3          0          4          0   (incl. Padding)

    ----------------------------------------------------------------------

      Code (inc. data)   RO Data    RW Data    ZI Data      Debug   Library Name

      1598         36         57          0         96       1716   c_w.l
        10          0          0          0          0        116   fz_wv.l

    ----------------------------------------------------------------------
      1624         36         60          0        100       1832   Library Totals

    ----------------------------------------------------------------------

==============================================================================


      Code (inc. data)   RO Data    RW Data    ZI Data      Debug   

     22748       1458        892        416       2216    1371974   Grand Totals
     22748       1458        892        128       2216    1371974   ELF Image Totals (compressed)
     22748       1458        892        128          0          0   ROM Totals

==============================================================================

    Total RO  Size (Code + RO Data)                23640 (  23.09kB)
    Total RW  Size (RW Data + ZI Data)              2632 (   2.57kB)
    Total ROM Size (Code + RO Data + RW Data)      23768 (  23.21kB)

==============================================================================

